2025-02-10 09:32:31,884 [ERROR] LogOutputStream:75 - [STDERR_REDIRECT] Feb 10, 2025 9:32:31 AM java.util.prefs.FileSystemPreferences checkLockFile0ErrorCode
2025-02-10 09:32:31,889 [ERROR] LogOutputStream:75 - [STDERR_REDIRECT] WARNING: Could not lock System prefs. Unix error code 2.
2025-02-10 09:32:31,889 [ERROR] LogOutputStream:75 - [STDERR_REDIRECT] 
2025-02-10 09:32:31,890 [ERROR] LogOutputStream:75 - [STDERR_REDIRECT] Feb 10, 2025 9:32:31 AM java.util.prefs.FileSystemPreferences syncWorld
2025-02-10 09:32:31,890 [ERROR] LogOutputStream:75 - [STDERR_REDIRECT] WARNING: Couldn't flush system prefs: java.util.prefs.BackingStoreException: Couldn't get file lock.
2025-02-10 09:32:31,890 [ERROR] LogOutputStream:75 - [STDERR_REDIRECT] 
2025-02-10 09:33:01,883 [ERROR] LogOutputStream:75 - [STDERR_REDIRECT] Feb 10, 2025 9:33:01 AM java.util.prefs.FileSystemPreferences checkLockFile0ErrorCode
2025-02-10 09:33:01,884 [ERROR] LogOutputStream:75 - [STDERR_REDIRECT] WARNING: Could not lock System prefs. Unix error code 2.
2025-02-10 09:33:01,884 [ERROR] LogOutputStream:75 - [STDERR_REDIRECT] 
2025-02-10 09:33:01,884 [ERROR] LogOutputStream:75 - [STDERR_REDIRECT] Feb 10, 2025 9:33:01 AM java.util.prefs.FileSystemPreferences syncWorld
2025-02-10 09:33:01,884 [ERROR] LogOutputStream:75 - [STDERR_REDIRECT] WARNING: Couldn't flush system prefs: java.util.prefs.BackingStoreException: Couldn't get file lock.
2025-02-10 09:33:01,884 [ERROR] LogOutputStream:75 - [STDERR_REDIRECT] 
2025-02-10 09:33:31,884 [ERROR] LogOutputStream:75 - [STDERR_REDIRECT] Feb 10, 2025 9:33:31 AM java.util.prefs.FileSystemPreferences checkLockFile0ErrorCode
2025-02-10 09:33:31,884 [ERROR] LogOutputStream:75 - [STDERR_REDIRECT] WARNING: Could not lock System prefs. Unix error code 2.
2025-02-10 09:33:31,884 [ERROR] LogOutputStream:75 - [STDERR_REDIRECT] 
2025-02-10 09:33:31,885 [ERROR] LogOutputStream:75 - [STDERR_REDIRECT] Feb 10, 2025 9:33:31 AM java.util.prefs.FileSystemPreferences syncWorld
2025-02-10 09:33:31,885 [ERROR] LogOutputStream:75 - [STDERR_REDIRECT] WARNING: Couldn't flush system prefs: java.util.prefs.BackingStoreException: Couldn't get file lock.
2025-02-10 09:33:31,885 [ERROR] LogOutputStream:75 - [STDERR_REDIRECT] 
2025-02-10 09:33:37,538 [ERROR] LogOutputStream:75 - [STDERR_REDIRECT] 
2025-02-10 09:33:37,539 [ERROR] LogOutputStream:75 - [STDERR_REDIRECT] 
