Archive member included to satisfy reference by file (symbol)

/opt/st/stm32cubeide_1.16.0/plugins/com.st.stm32cube.ide.mcu.externaltools.gnu-tools-for-stm32.12.3.rel1.linux64_1.0.200.202406132123/tools/bin/../lib/gcc/arm-none-eabi/12.3.1/../../../../arm-none-eabi/lib/thumb/v7e-m+fp/hard/libc_nano.a(libc_a-exit.o)
                              /opt/st/stm32cubeide_1.16.0/plugins/com.st.stm32cube.ide.mcu.externaltools.gnu-tools-for-stm32.12.3.rel1.linux64_1.0.200.202406132123/tools/bin/../lib/gcc/arm-none-eabi/12.3.1/../../../../arm-none-eabi/lib/thumb/v7e-m+fp/hard/crt0.o (exit)
/opt/st/stm32cubeide_1.16.0/plugins/com.st.stm32cube.ide.mcu.externaltools.gnu-tools-for-stm32.12.3.rel1.linux64_1.0.200.202406132123/tools/bin/../lib/gcc/arm-none-eabi/12.3.1/../../../../arm-none-eabi/lib/thumb/v7e-m+fp/hard/libc_nano.a(libc_a-findfp.o)
                              /opt/st/stm32cubeide_1.16.0/plugins/com.st.stm32cube.ide.mcu.externaltools.gnu-tools-for-stm32.12.3.rel1.linux64_1.0.200.202406132123/tools/bin/../lib/gcc/arm-none-eabi/12.3.1/../../../../arm-none-eabi/lib/thumb/v7e-m+fp/hard/libc_nano.a(libc_a-exit.o) (__stdio_exit_handler)
/opt/st/stm32cubeide_1.16.0/plugins/com.st.stm32cube.ide.mcu.externaltools.gnu-tools-for-stm32.12.3.rel1.linux64_1.0.200.202406132123/tools/bin/../lib/gcc/arm-none-eabi/12.3.1/../../../../arm-none-eabi/lib/thumb/v7e-m+fp/hard/libc_nano.a(libc_a-fwalk.o)
                              /opt/st/stm32cubeide_1.16.0/plugins/com.st.stm32cube.ide.mcu.externaltools.gnu-tools-for-stm32.12.3.rel1.linux64_1.0.200.202406132123/tools/bin/../lib/gcc/arm-none-eabi/12.3.1/../../../../arm-none-eabi/lib/thumb/v7e-m+fp/hard/libc_nano.a(libc_a-findfp.o) (_fwalk_sglue)
/opt/st/stm32cubeide_1.16.0/plugins/com.st.stm32cube.ide.mcu.externaltools.gnu-tools-for-stm32.12.3.rel1.linux64_1.0.200.202406132123/tools/bin/../lib/gcc/arm-none-eabi/12.3.1/../../../../arm-none-eabi/lib/thumb/v7e-m+fp/hard/libc_nano.a(libc_a-sprintf.o)
                              ./Core/Src/main.o (sprintf)
/opt/st/stm32cubeide_1.16.0/plugins/com.st.stm32cube.ide.mcu.externaltools.gnu-tools-for-stm32.12.3.rel1.linux64_1.0.200.202406132123/tools/bin/../lib/gcc/arm-none-eabi/12.3.1/../../../../arm-none-eabi/lib/thumb/v7e-m+fp/hard/libc_nano.a(libc_a-stdio.o)
                              /opt/st/stm32cubeide_1.16.0/plugins/com.st.stm32cube.ide.mcu.externaltools.gnu-tools-for-stm32.12.3.rel1.linux64_1.0.200.202406132123/tools/bin/../lib/gcc/arm-none-eabi/12.3.1/../../../../arm-none-eabi/lib/thumb/v7e-m+fp/hard/libc_nano.a(libc_a-findfp.o) (__sread)
/opt/st/stm32cubeide_1.16.0/plugins/com.st.stm32cube.ide.mcu.externaltools.gnu-tools-for-stm32.12.3.rel1.linux64_1.0.200.202406132123/tools/bin/../lib/gcc/arm-none-eabi/12.3.1/../../../../arm-none-eabi/lib/thumb/v7e-m+fp/hard/libc_nano.a(libc_a-memset.o)
                              /opt/st/stm32cubeide_1.16.0/plugins/com.st.stm32cube.ide.mcu.externaltools.gnu-tools-for-stm32.12.3.rel1.linux64_1.0.200.202406132123/tools/bin/../lib/gcc/arm-none-eabi/12.3.1/../../../../arm-none-eabi/lib/thumb/v7e-m+fp/hard/crt0.o (memset)
/opt/st/stm32cubeide_1.16.0/plugins/com.st.stm32cube.ide.mcu.externaltools.gnu-tools-for-stm32.12.3.rel1.linux64_1.0.200.202406132123/tools/bin/../lib/gcc/arm-none-eabi/12.3.1/../../../../arm-none-eabi/lib/thumb/v7e-m+fp/hard/libc_nano.a(libc_a-closer.o)
                              /opt/st/stm32cubeide_1.16.0/plugins/com.st.stm32cube.ide.mcu.externaltools.gnu-tools-for-stm32.12.3.rel1.linux64_1.0.200.202406132123/tools/bin/../lib/gcc/arm-none-eabi/12.3.1/../../../../arm-none-eabi/lib/thumb/v7e-m+fp/hard/libc_nano.a(libc_a-stdio.o) (_close_r)
/opt/st/stm32cubeide_1.16.0/plugins/com.st.stm32cube.ide.mcu.externaltools.gnu-tools-for-stm32.12.3.rel1.linux64_1.0.200.202406132123/tools/bin/../lib/gcc/arm-none-eabi/12.3.1/../../../../arm-none-eabi/lib/thumb/v7e-m+fp/hard/libc_nano.a(libc_a-reent.o)
                              /opt/st/stm32cubeide_1.16.0/plugins/com.st.stm32cube.ide.mcu.externaltools.gnu-tools-for-stm32.12.3.rel1.linux64_1.0.200.202406132123/tools/bin/../lib/gcc/arm-none-eabi/12.3.1/../../../../arm-none-eabi/lib/thumb/v7e-m+fp/hard/libc_nano.a(libc_a-closer.o) (errno)
/opt/st/stm32cubeide_1.16.0/plugins/com.st.stm32cube.ide.mcu.externaltools.gnu-tools-for-stm32.12.3.rel1.linux64_1.0.200.202406132123/tools/bin/../lib/gcc/arm-none-eabi/12.3.1/../../../../arm-none-eabi/lib/thumb/v7e-m+fp/hard/libc_nano.a(libc_a-impure.o)
                              /opt/st/stm32cubeide_1.16.0/plugins/com.st.stm32cube.ide.mcu.externaltools.gnu-tools-for-stm32.12.3.rel1.linux64_1.0.200.202406132123/tools/bin/../lib/gcc/arm-none-eabi/12.3.1/../../../../arm-none-eabi/lib/thumb/v7e-m+fp/hard/libc_nano.a(libc_a-sprintf.o) (_impure_ptr)
/opt/st/stm32cubeide_1.16.0/plugins/com.st.stm32cube.ide.mcu.externaltools.gnu-tools-for-stm32.12.3.rel1.linux64_1.0.200.202406132123/tools/bin/../lib/gcc/arm-none-eabi/12.3.1/../../../../arm-none-eabi/lib/thumb/v7e-m+fp/hard/libc_nano.a(libc_a-lseekr.o)
[...]
Memory Configuration

Name             Origin             Length             Attributes
CCMRAM           0x10000000         0x00010000         xrw
RAM              0x20000000         0x00020000         xrw
FLASH            0x08000000         0x00100000         xr
*default*        0x00000000         0xffffffff

Linker script and memory map

LOAD /opt/st/stm32cubeide_1.16.0/plugins/com.st.stm32cube.ide.mcu.externaltools.gnu-tools-for-stm32.12.3.rel1.linux64_1.0.200.202406132123/tools/bin/../lib/gcc/arm-none-eabi/12.3.1/thumb/v7e-m+fp/hard/crti.o
LOAD /opt/st/stm32cubeide_1.16.0/plugins/com.st.stm32cube.ide.mcu.externaltools.gnu-tools-for-stm32.12.3.rel1.linux64_1.0.200.202406132123/tools/bin/../lib/gcc/arm-none-eabi/12.3.1/thumb/v7e-m+fp/hard/crtbegin.o
LOAD /opt/st/stm32cubeide_1.16.0/plugins/com.st.stm32cube.ide.mcu.externaltools.gnu-tools-for-stm32.12.3.rel1.linux64_1.0.200.202406132123/tools/bin/../lib/gcc/arm-none-eabi/12.3.1/../../../../arm-none-eabi/lib/thumb/v7e-m+fp/hard/crt0.o
LOAD ./Core/Src/i2c-lcd.o
LOAD ./Core/Src/main.o
LOAD ./Core/Src/newMotor.o
LOAD ./Core/Src/stm32f4xx_hal_msp.o
LOAD ./Core/Src/stm32f4xx_it.o
LOAD ./Core/Src/syscalls.o
LOAD ./Core/Src/sysmem.o
LOAD ./Core/Src/system_stm32f4xx.o
LOAD ./Core/Startup/startup_stm32f407vgtx.o
LOAD ./Drivers/STM32F4xx_HAL_Driver/Src/stm32f4xx_hal.o
LOAD ./Drivers/STM32F4xx_HAL_Driver/Src/stm32f4xx_hal_can.o
LOAD ./Drivers/STM32F4xx_HAL_Driver/Src/stm32f4xx_hal_cortex.o
LOAD ./Drivers/STM32F4xx_HAL_Driver/Src/stm32f4xx_hal_dma.o
LOAD ./Drivers/STM32F4xx_HAL_Driver/Src/stm32f4xx_hal_dma_ex.o
LOAD ./Drivers/STM32F4xx_HAL_Driver/Src/stm32f4xx_hal_exti.o
LOAD ./Drivers/STM32F4xx_HAL_Driver/Src/stm32f4xx_hal_flash.o
LOAD ./Drivers/STM32F4xx_HAL_Driver/Src/stm32f4xx_hal_flash_ex.o
LOAD ./Drivers/STM32F4xx_HAL_Driver/Src/stm32f4xx_hal_flash_ramfunc.o
LOAD ./Drivers/STM32F4xx_HAL_Driver/Src/stm32f4xx_hal_gpio.o
LOAD ./Drivers/STM32F4xx_HAL_Driver/Src/stm32f4xx_hal_i2c.o
LOAD ./Drivers/STM32F4xx_HAL_Driver/Src/stm32f4xx_hal_i2c_ex.o
LOAD ./Drivers/STM32F4xx_HAL_Driver/Src/stm32f4xx_hal_pwr.o
LOAD ./Drivers/STM32F4xx_HAL_Driver/Src/stm32f4xx_hal_pwr_ex.o
LOAD ./Drivers/STM32F4xx_HAL_Driver/Src/stm32f4xx_hal_rcc.o
LOAD ./Drivers/STM32F4xx_HAL_Driver/Src/stm32f4xx_hal_rcc_ex.o
LOAD ./Drivers/STM32F4xx_HAL_Driver/Src/stm32f4xx_hal_tim.o
LOAD ./Drivers/STM32F4xx_HAL_Driver/Src/stm32f4xx_hal_tim_ex.o
START GROUP
LOAD /opt/st/stm32cubeide_1.16.0/plugins/com.st.stm32cube.ide.mcu.externaltools.gnu-tools-for-stm32.12.3.rel1.linux64_1.0.200.202406132123/tools/bin/../lib/gcc/arm-none-eabi/12.3.1/../../../../arm-none-eabi/lib/thumb/v7e-m+fp/hard/libc_nano.a
LOAD /opt/st/stm32cubeide_1.16.0/plugins/com.st.stm32cube.ide.mcu.externaltools.gnu-tools-for-stm32.12.3.rel1.linux64_1.0.200.202406132123/tools/bin/../lib/gcc/arm-none-eabi/12.3.1/../../../../arm-none-eabi/lib/thumb/v7e-m+fp/hard/libm.a
END GROUP
START GROUP
LOAD /opt/st/stm32cubeide_1.16.0/plugins/com.st.stm32cube.ide.mcu.externaltools.gnu-tools-for-stm32.12.3.rel1.linux64_1.0.200.202406132123/tools/bin/../lib/gcc/arm-none-eabi/12.3.1/thumb/v7e-m+fp/hard/libgcc.a
LOAD /opt/st/stm32cubeide_1.16.0/plugins/com.st.stm32cube.ide.mcu.externaltools.gnu-tools-for-stm32.12.3.rel1.linux64_1.0.200.202406132123/tools/bin/../lib/gcc/arm-none-eabi/12.3.1/../../../../arm-none-eabi/lib/thumb/v7e-m+fp/hard/libc_nano.a
END GROUP
START GROUP
LOAD /opt/st/stm32cubeide_1.16.0/plugins/com.st.stm32cube.ide.mcu.externaltools.gnu-tools-for-stm32.12.3.rel1.linux64_1.0.200.202406132123/tools/bin/../lib/gcc/arm-none-eabi/12.3.1/thumb/v7e-m+fp/hard/libgcc.a
LOAD /opt/st/stm32cubeide_1.16.0/plugins/com.st.stm32cube.ide.mcu.externaltools.gnu-tools-for-stm32.12.3.rel1.linux64_1.0.200.202406132123/tools/bin/../lib/gcc/arm-none-eabi/12.3.1/../../../../arm-none-eabi/lib/thumb/v7e-m+fp/hard/libc_nano.a
LOAD /opt/st/stm32cubeide_1.16.0/plugins/com.st.stm32cube.ide.mcu.externaltools.gnu-tools-for-stm32.12.3.rel1.linux64_1.0.200.202406132123/tools/bin/../lib/gcc/arm-none-eabi/12.3.1/../../../../arm-none-eabi/lib/thumb/v7e-m+fp/hard/libnosys.a
END GROUP
START GROUP
LOAD /opt/st/stm32cubeide_1.16.0/plugins/com.st.stm32cube.ide.mcu.externaltools.gnu-tools-for-stm32.12.3.rel1.linux64_1.0.200.202406132123/tools/bin/../lib/gcc/arm-none-eabi/12.3.1/thumb/v7e-m+fp/hard/libgcc.a
LOAD /opt/st/stm32cubeide_1.16.0/plugins/com.st.stm32cube.ide.mcu.externaltools.gnu-tools-for-stm32.12.3.rel1.linux64_1.0.200.202406132123/tools/bin/../lib/gcc/arm-none-eabi/12.3.1/../../../../arm-none-eabi/lib/thumb/v7e-m+fp/hard/libc_nano.a
LOAD /opt/st/stm32cubeide_1.16.0/plugins/com.st.stm32cube.ide.mcu.externaltools.gnu-tools-for-stm32.12.3.rel1.linux64_1.0.200.202406132123/tools/bin/../lib/gcc/arm-none-eabi/12.3.1/../../../../arm-none-eabi/lib/thumb/v7e-m+fp/hard/libnosys.a
END GROUP
LOAD /opt/st/stm32cubeide_1.16.0/plugins/com.st.stm32cube.ide.mcu.externaltools.gnu-tools-for-stm32.12.3.rel1.linux64_1.0.200.202406132123/tools/bin/../lib/gcc/arm-none-eabi/12.3.1/thumb/v7e-m+fp/hard/crtend.o
LOAD /opt/st/stm32cubeide_1.16.0/plugins/com.st.stm32cube.ide.mcu.externaltools.gnu-tools-for-stm32.12.3.rel1.linux64_1.0.200.202406132123/tools/bin/../lib/gcc/arm-none-eabi/12.3.1/thumb/v7e-m+fp/hard/crtn.o
                0x20020000                        _estack = (ORIGIN (RAM) + LENGTH (RAM))
                0x00000200                        _Min_Heap_Size = 0x200
                0x00000400                        _Min_Stack_Size = 0x400

.isr_vector     0x08000000      0x188
                0x08000000                        . = ALIGN (0x4)
 *(.isr_vector)
 .isr_vector    0x08000000      0x188 ./Core/Startup/startup_stm32f407vgtx.o
                0x08000000                g_pfnVectors
                0x08000188                        . = ALIGN (0x4)

.text           0x08000190     0x39b4
                0x08000190                        . = ALIGN (0x4)
 *(.text)
 .text          0x08000190       0x40 /opt/st/stm32cubeide_1.16.0/plugins/com.st.stm32cube.ide.mcu.externaltools.gnu-tools-for-stm32.12.3.rel1.linux64_1.0.200.202406132123/tools/bin/../lib/gcc/arm-none-eabi/12.3.1/thumb/v7e-m+fp/hard/crtbegin.o
 .text          0x080001d0       0xa0 /opt/st/stm32cubeide_1.16.0/plugins/com.st.stm32cube.ide.mcu.externaltools.gnu-tools-for-stm32.12.3.rel1.linux64_1.0.200.202406132123/tools/bin/../lib/gcc/arm-none-eabi/12.3.1/../../../../arm-none-eabi/lib/thumb/v7e-m+fp/hard/libc_nano.a(libc_a-memchr.o)
                0x080001d0                memchr
 .text          0x08000270       0x30 /opt/st/stm32cubeide_1.16.0/plugins/com.st.stm32cube.ide.mcu.externaltools.gnu-tools-for-stm32.12.3.rel1.linux64_1.0.200.202406132123/tools/bin/../lib/gcc/arm-none-eabi/12.3.1/thumb/v7e-m+fp/hard/libgcc.a(_aeabi_uldivmod.o)
                0x08000270                __aeabi_uldivmod
 .text          0x080002a0      0x2bc /opt/st/stm32cubeide_1.16.0/plugins/com.st.stm32cube.ide.mcu.externaltools.gnu-tools-for-stm32.12.3.rel1.linux64_1.0.200.202406132123/tools/bin/../lib/gcc/arm-none-eabi/12.3.1/thumb/v7e-m+fp/hard/libgcc.a(_udivmoddi4.o)
                0x080002a0                __udivmoddi4
 .text          0x0800055c        0x4 /opt/st/stm32cubeide_1.16.0/plugins/com.st.stm32cube.ide.mcu.externaltools.gnu-tools-for-stm32.12.3.rel1.linux64_1.0.200.202406132123/tools/bin/../lib/gcc/arm-none-eabi/12.3.1/thumb/v7e-m+fp/hard/libgcc.a(_dvmd_tls.o)
                0x0800055c                __aeabi_ldiv0
                0x0800055c                __aeabi_idiv0
 *(.text*)
 .text.lcd_send_cmd
                0x08000560       0x60 ./Core/Src/i2c-lcd.o
                0x08000560                lcd_send_cmd
 .text.lcd_send_data
                0x080005c0       0x60 ./Core/Src/i2c-lcd.o
                0x080005c0                lcd_send_data
 .text.lcd_clear
                0x08000620       0x2e ./Core/Src/i2c-lcd.o
                0x08000620                lcd_clear
 .text.lcd_init
                0x0800064e       0x7a ./Core/Src/i2c-lcd.o
                0x0800064e                lcd_init
 .text.lcd_send_string
                0x080006c8       0x2a ./Core/Src/i2c-lcd.o
                0x080006c8                lcd_send_string
 *fill*         0x080006f2        0x2 
 .text.HAL_CAN_RxFifo0MsgPendingCallback
                0x080006f4       0x38 ./Core/Src/main.o
                0x080006f4                HAL_CAN_RxFifo0MsgPendingCallback
 .text.main     0x0800072c       0xe8 ./Core/Src/main.o
                0x0800072c                main
 .text.SystemClock_Config
                0x08000814       0xd4 ./Core/Src/main.o
                0x08000814                SystemClock_Config
 .text.MX_CAN1_Init
                0x080008e8       0xa8 ./Core/Src/main.o
 .text.MX_I2C1_Init
                0x08000990       0x5c ./Core/Src/main.o
 .text.MX_GPIO_Init
                0x080009ec       0xa4 ./Core/Src/main.o
 .text.Error_Handler
                0x08000a90        0xc ./Core/Src/main.o
                0x08000a90                Error_Handler
 .text.GPIO_Init
                0x08000a9c       0x48 ./Core/Src/newMotor.o
                0x08000a9c                GPIO_Init
 .text.HAL_MspInit
                0x08000ae4       0x50 ./Core/Src/stm32f4xx_hal_msp.o
                0x08000ae4                HAL_MspInit
 .text.HAL_CAN_MspInit
                0x08000b34       0xa0 ./Core/Src/stm32f4xx_hal_msp.o
                0x08000b34                HAL_CAN_MspInit
 .text.HAL_I2C_MspInit
                0x08000bd4       0x90 ./Core/Src/stm32f4xx_hal_msp.o
                0x08000bd4                HAL_I2C_MspInit
 .text.NMI_Handler
                0x08000c64        0x8 ./Core/Src/stm32f4xx_it.o
                0x08000c64                NMI_Handler
 .text.HardFault_Handler
                0x08000c6c        0x8 ./Core/Src/stm32f4xx_it.o
                0x08000c6c                HardFault_Handler
 .text.MemManage_Handler
                0x08000c74        0x8 ./Core/Src/stm32f4xx_it.o
                0x08000c74                MemManage_Handler
 .text.BusFault_Handler
                0x08000c7c        0x8 ./Core/Src/stm32f4xx_it.o
                0x08000c7c                BusFault_Handler
 .text.UsageFault_Handler
                0x08000c84        0x8 ./Core/Src/stm32f4xx_it.o
                0x08000c84                UsageFault_Handler
 .text.SVC_Handler
                0x08000c8c        0xe ./Core/Src/stm32f4xx_it.o
                0x08000c8c                SVC_Handler
 .text.DebugMon_Handler
                0x08000c9a        0xe ./Core/Src/stm32f4xx_it.o
                0x08000c9a                DebugMon_Handler
 .text.PendSV_Handler
                0x08000ca8        0xe ./Core/Src/stm32f4xx_it.o
                0x08000ca8                PendSV_Handler
 .text.SysTick_Handler
                0x08000cb6        0xc ./Core/Src/stm32f4xx_it.o
                0x08000cb6                SysTick_Handler
 *fill*         0x08000cc2        0x2 
 .text.CAN1_RX0_IRQHandler
                0x08000cc4       0x14 ./Core/Src/stm32f4xx_it.o
                0x08000cc4                CAN1_RX0_IRQHandler
 .text._sbrk    0x08000cd8       0x6c ./Core/Src/sysmem.o
                0x08000cd8                _sbrk
 .text.SystemInit
                0x08000d44       0x24 ./Core/Src/system_stm32f4xx.o
                0x08000d44                SystemInit
 .text.Reset_Handler
                0x08000d68       0x50 ./Core/Startup/startup_stm32f407vgtx.o
                0x08000d68                Reset_Handler
 .text.Default_Handler
                0x08000db8        0x2 ./Core/Startup/startup_stm32f407vgtx.o
                0x08000db8                RTC_Alarm_IRQHandler
                0x08000db8                HASH_RNG_IRQHandler
                0x08000db8                EXTI2_IRQHandler
                0x08000db8                TIM8_CC_IRQHandler
                0x08000db8                TIM1_CC_IRQHandler
                0x08000db8                DMA2_Stream5_IRQHandler
                0x08000db8                DMA1_Stream5_IRQHandler
                0x08000db8                PVD_IRQHandler
                0x08000db8                SDIO_IRQHandler
                0x08000db8                TAMP_STAMP_IRQHandler
                0x08000db8                CAN2_RX1_IRQHandler
                0x08000db8                EXTI3_IRQHandler
                0x08000db8                TIM8_TRG_COM_TIM14_IRQHandler
                0x08000db8                TIM1_UP_TIM10_IRQHandler
                0x08000db8                TIM8_UP_TIM13_IRQHandler
                0x08000db8                I2C3_ER_IRQHandler
                0x08000db8                EXTI0_IRQHandler
                0x08000db8                I2C2_EV_IRQHandler
                0x08000db8                DMA1_Stream2_IRQHandler
                0x08000db8                FPU_IRQHandler
                0x08000db8                OTG_HS_WKUP_IRQHandler
                0x08000db8                CAN2_SCE_IRQHandler
                0x08000db8                DMA2_Stream2_IRQHandler
                0x08000db8                SPI1_IRQHandler
                0x08000db8                TIM6_DAC_IRQHandler
                0x08000db8                TIM1_BRK_TIM9_IRQHandler
                0x08000db8                DCMI_IRQHandler
                0x08000db8                CAN2_RX0_IRQHandler
                0x08000db8                DMA2_Stream3_IRQHandler
                0x08000db8                USART6_IRQHandler
                0x08000db8                USART3_IRQHandler
                0x08000db8                CAN1_RX1_IRQHandler
                0x08000db8                UART5_IRQHandler
                0x08000db8                DMA2_Stream0_IRQHandler
                0x08000db8                TIM4_IRQHandler
                0x08000db8                I2C1_EV_IRQHandler
                0x08000db8                DMA1_Stream6_IRQHandler
                0x08000db8                DMA1_Stream1_IRQHandler
                0x08000db8                UART4_IRQHandler
                0x08000db8                TIM3_IRQHandler
                0x08000db8                RCC_IRQHandler
                0x08000db8                TIM8_BRK_TIM12_IRQHandler
                0x08000db8                Default_Handler
                0x08000db8                EXTI15_10_IRQHandler
                0x08000db8                ADC_IRQHandler
                0x08000db8                DMA1_Stream7_IRQHandler
                0x08000db8                TIM7_IRQHandler
                0x08000db8                CAN2_TX_IRQHandler
                0x08000db8                TIM5_IRQHandler
                0x08000db8                DMA2_Stream7_IRQHandler
                0x08000db8                I2C3_EV_IRQHandler
                0x08000db8                EXTI9_5_IRQHandler
                0x08000db8                RTC_WKUP_IRQHandler
                0x08000db8                ETH_WKUP_IRQHandler
                0x08000db8                SPI2_IRQHandler
                0x08000db8                OTG_HS_EP1_IN_IRQHandler
                0x08000db8                DMA1_Stream0_IRQHandler
                0x08000db8                CAN1_TX_IRQHandler
                0x08000db8                EXTI4_IRQHandler
                0x08000db8                FSMC_IRQHandler
                0x08000db8                ETH_IRQHandler
                0x08000db8                OTG_HS_EP1_OUT_IRQHandler
                0x08000db8                WWDG_IRQHandler
                0x08000db8                TIM2_IRQHandler
                0x08000db8                OTG_FS_WKUP_IRQHandler
                0x08000db8                TIM1_TRG_COM_TIM11_IRQHandler
                0x08000db8                OTG_HS_IRQHandler
                0x08000db8                EXTI1_IRQHandler
                0x08000db8                USART2_IRQHandler
                0x08000db8                I2C2_ER_IRQHandler
                0x08000db8                DMA2_Stream1_IRQHandler
                0x08000db8                CAN1_SCE_IRQHandler
                0x08000db8                FLASH_IRQHandler
                0x08000db8                DMA2_Stream4_IRQHandler
                0x08000db8                USART1_IRQHandler
                0x08000db8                OTG_FS_IRQHandler
                0x08000db8                SPI3_IRQHandler
                0x08000db8                DMA1_Stream4_IRQHandler
                0x08000db8                I2C1_ER_IRQHandler
                0x08000db8                DMA2_Stream6_IRQHandler
                0x08000db8                DMA1_Stream3_IRQHandler
 *fill*         0x08000dba        0x2 
 .text.HAL_Init
                0x08000dbc       0x44 ./Drivers/STM32F4xx_HAL_Driver/Src/stm32f4xx_hal.o
                0x08000dbc                HAL_Init
 .text.HAL_InitTick
                0x08000e00       0x60 ./Drivers/STM32F4xx_HAL_Driver/Src/stm32f4xx_hal.o
                0x08000e00                HAL_InitTick
 .text.HAL_IncTick
                0x08000e60       0x28 ./Drivers/STM32F4xx_HAL_Driver/Src/stm32f4xx_hal.o
                0x08000e60                HAL_IncTick
 .text.HAL_GetTick
                0x08000e88       0x18 ./Drivers/STM32F4xx_HAL_Driver/Src/stm32f4xx_hal.o
                0x08000e88                HAL_GetTick
 .text.HAL_Delay
                0x08000ea0       0x48 ./Drivers/STM32F4xx_HAL_Driver/Src/stm32f4xx_hal.o
                0x08000ea0                HAL_Delay
 .text.HAL_CAN_Init
                0x08000ee8      0x1f6 ./Drivers/STM32F4xx_HAL_Driver/Src/stm32f4xx_hal_can.o
                0x08000ee8                HAL_CAN_Init
 *fill*         0x080010de        0x2 
 .text.HAL_CAN_ConfigFilter
                0x080010e0      0x1c0 ./Drivers/STM32F4xx_HAL_Driver/Src/stm32f4xx_hal_can.o
                0x080010e0                HAL_CAN_ConfigFilter
 .text.HAL_CAN_Start
                0x080012a0       0x88 ./Drivers/STM32F4xx_HAL_Driver/Src/stm32f4xx_hal_can.o
                0x080012a0                HAL_CAN_Start
 .text.HAL_CAN_GetRxMessage
                0x08001328      0x244 ./Drivers/STM32F4xx_HAL_Driver/Src/stm32f4xx_hal_can.o
                0x08001328                HAL_CAN_GetRxMessage
 .text.HAL_CAN_ActivateNotification
                0x0800156c       0x4c ./Drivers/STM32F4xx_HAL_Driver/Src/stm32f4xx_hal_can.o
                0x0800156c                HAL_CAN_ActivateNotification
 .text.HAL_CAN_IRQHandler
                0x080015b8      0x36e ./Drivers/STM32F4xx_HAL_Driver/Src/stm32f4xx_hal_can.o
                0x080015b8                HAL_CAN_IRQHandler
 .text.HAL_CAN_TxMailbox0CompleteCallback
                0x08001926       0x14 ./Drivers/STM32F4xx_HAL_Driver/Src/stm32f4xx_hal_can.o
                0x08001926                HAL_CAN_TxMailbox0CompleteCallback
 .text.HAL_CAN_TxMailbox1CompleteCallback
                0x0800193a       0x14 ./Drivers/STM32F4xx_HAL_Driver/Src/stm32f4xx_hal_can.o
                0x0800193a                HAL_CAN_TxMailbox1CompleteCallback
 .text.HAL_CAN_TxMailbox2CompleteCallback
                0x0800194e       0x14 ./Drivers/STM32F4xx_HAL_Driver/Src/stm32f4xx_hal_can.o
                0x0800194e                HAL_CAN_TxMailbox2CompleteCallback
 .text.HAL_CAN_TxMailbox0AbortCallback
                0x08001962       0x14 ./Drivers/STM32F4xx_HAL_Driver/Src/stm32f4xx_hal_can.o
                0x08001962                HAL_CAN_TxMailbox0AbortCallback
 .text.HAL_CAN_TxMailbox1AbortCallback
                0x08001976       0x14 ./Drivers/STM32F4xx_HAL_Driver/Src/stm32f4xx_hal_can.o
                0x08001976                HAL_CAN_TxMailbox1AbortCallback
 .text.HAL_CAN_TxMailbox2AbortCallback
                0x0800198a       0x14 ./Drivers/STM32F4xx_HAL_Driver/Src/stm32f4xx_hal_can.o
                0x0800198a                HAL_CAN_TxMailbox2AbortCallback
 .text.HAL_CAN_RxFifo0FullCallback
                0x0800199e       0x14 ./Drivers/STM32F4xx_HAL_Driver/Src/stm32f4xx_hal_can.o
                0x0800199e                HAL_CAN_RxFifo0FullCallback
 .text.HAL_CAN_RxFifo1MsgPendingCallback
                0x080019b2       0x14 ./Drivers/STM32F4xx_HAL_Driver/Src/stm32f4xx_hal_can.o
                0x080019b2                HAL_CAN_RxFifo1MsgPendingCallback
 .text.HAL_CAN_RxFifo1FullCallback
                0x080019c6       0x14 ./Drivers/STM32F4xx_HAL_Driver/Src/stm32f4xx_hal_can.o
                0x080019c6                HAL_CAN_RxFifo1FullCallback
 .text.HAL_CAN_SleepCallback
                0x080019da       0x14 ./Drivers/STM32F4xx_HAL_Driver/Src/stm32f4xx_hal_can.o
                0x080019da                HAL_CAN_SleepCallback
 .text.HAL_CAN_WakeUpFromRxMsgCallback
                0x080019ee       0x14 ./Drivers/STM32F4xx_HAL_Driver/Src/stm32f4xx_hal_can.o
                0x080019ee                HAL_CAN_WakeUpFromRxMsgCallback
 .text.HAL_CAN_ErrorCallback
                0x08001a02       0x14 ./Drivers/STM32F4xx_HAL_Driver/Src/stm32f4xx_hal_can.o
                0x08001a02                HAL_CAN_ErrorCallback
 *fill*         0x08001a16        0x2 
 .text.__NVIC_SetPriorityGrouping
                0x08001a18       0x48 ./Drivers/STM32F4xx_HAL_Driver/Src/stm32f4xx_hal_cortex.o
 .text.__NVIC_GetPriorityGrouping
                0x08001a60       0x1c ./Drivers/STM32F4xx_HAL_Driver/Src/stm32f4xx_hal_cortex.o
 .text.__NVIC_EnableIRQ
                0x08001a7c       0x3c ./Drivers/STM32F4xx_HAL_Driver/Src/stm32f4xx_hal_cortex.o
 .text.__NVIC_SetPriority
                0x08001ab8       0x54 ./Drivers/STM32F4xx_HAL_Driver/Src/stm32f4xx_hal_cortex.o
 .text.NVIC_EncodePriority
                0x08001b0c       0x66 ./Drivers/STM32F4xx_HAL_Driver/Src/stm32f4xx_hal_cortex.o
 *fill*         0x08001b72        0x2 
 .text.SysTick_Config
                0x08001b74       0x44 ./Drivers/STM32F4xx_HAL_Driver/Src/stm32f4xx_hal_cortex.o
 .text.HAL_NVIC_SetPriorityGrouping
                0x08001bb8       0x16 ./Drivers/STM32F4xx_HAL_Driver/Src/stm32f4xx_hal_cortex.o
                0x08001bb8                HAL_NVIC_SetPriorityGrouping
 .text.HAL_NVIC_SetPriority
                0x08001bce       0x38 ./Drivers/STM32F4xx_HAL_Driver/Src/stm32f4xx_hal_cortex.o
                0x08001bce                HAL_NVIC_SetPriority
 .text.HAL_NVIC_EnableIRQ
                0x08001c06       0x1c ./Drivers/STM32F4xx_HAL_Driver/Src/stm32f4xx_hal_cortex.o
                0x08001c06                HAL_NVIC_EnableIRQ
 .text.HAL_SYSTICK_Config
                0x08001c22       0x18 ./Drivers/STM32F4xx_HAL_Driver/Src/stm32f4xx_hal_cortex.o
                0x08001c22                HAL_SYSTICK_Config
 *fill*         0x08001c3a        0x2 
 .text.HAL_GPIO_Init
                0x08001c3c      0x338 ./Drivers/STM32F4xx_HAL_Driver/Src/stm32f4xx_hal_gpio.o
                0x08001c3c                HAL_GPIO_Init
 .text.HAL_GPIO_WritePin
                0x08001f74       0x32 ./Drivers/STM32F4xx_HAL_Driver/Src/stm32f4xx_hal_gpio.o
                0x08001f74                HAL_GPIO_WritePin
 *fill*         0x08001fa6        0x2 
 .text.HAL_I2C_Init
                0x08001fa8      0x288 ./Drivers/STM32F4xx_HAL_Driver/Src/stm32f4xx_hal_i2c.o
                0x08001fa8                HAL_I2C_Init
 .text.HAL_I2C_Master_Transmit
                0x08002230      0x1fc ./Drivers/STM32F4xx_HAL_Driver/Src/stm32f4xx_hal_i2c.o
                0x08002230                HAL_I2C_Master_Transmit
 .text.I2C_MasterRequestWrite
                0x0800242c      0x104 ./Drivers/STM32F4xx_HAL_Driver/Src/stm32f4xx_hal_i2c.o
 .text.I2C_WaitOnFlagUntilTimeout
                0x08002530       0xf4 ./Drivers/STM32F4xx_HAL_Driver/Src/stm32f4xx_hal_i2c.o
 .text.I2C_WaitOnMasterAddressFlagUntilTimeout
                0x08002624      0x140 ./Drivers/STM32F4xx_HAL_Driver/Src/stm32f4xx_hal_i2c.o
 .text.I2C_WaitOnTXEFlagUntilTimeout
                0x08002764       0x90 ./Drivers/STM32F4xx_HAL_Driver/Src/stm32f4xx_hal_i2c.o
 .text.I2C_WaitOnBTFFlagUntilTimeout
                0x080027f4       0x90 ./Drivers/STM32F4xx_HAL_Driver/Src/stm32f4xx_hal_i2c.o
 .text.I2C_IsAcknowledgeFailed
                0x08002884       0x5e ./Drivers/STM32F4xx_HAL_Driver/Src/stm32f4xx_hal_i2c.o
 *fill*         0x080028e2        0x2 
 .text.HAL_RCC_OscConfig
                0x080028e4      0x4f0 ./Drivers/STM32F4xx_HAL_Driver/Src/stm32f4xx_hal_rcc.o
                0x080028e4                HAL_RCC_OscConfig
 .text.HAL_RCC_ClockConfig
                0x08002dd4      0x1cc ./Drivers/STM32F4xx_HAL_Driver/Src/stm32f4xx_hal_rcc.o
                0x08002dd4                HAL_RCC_ClockConfig
 .text.HAL_RCC_GetSysClockFreq
                0x08002fa0      0x20c ./Drivers/STM32F4xx_HAL_Driver/Src/stm32f4xx_hal_rcc.o
                0x08002fa0                HAL_RCC_GetSysClockFreq
 .text.HAL_RCC_GetHCLKFreq
                0x080031ac       0x18 ./Drivers/STM32F4xx_HAL_Driver/Src/stm32f4xx_hal_rcc.o
                0x080031ac                HAL_RCC_GetHCLKFreq
 .text.HAL_RCC_GetPCLK1Freq
                0x080031c4       0x28 ./Drivers/STM32F4xx_HAL_Driver/Src/stm32f4xx_hal_rcc.o
                0x080031c4                HAL_RCC_GetPCLK1Freq
 .text.sprintf  0x080031ec       0x40 /opt/st/stm32cubeide_1.16.0/plugins/com.st.stm32cube.ide.mcu.externaltools.gnu-tools-for-stm32.12.3.rel1.linux64_1.0.200.202406132123/tools/bin/../lib/gcc/arm-none-eabi/12.3.1/../../../../arm-none-eabi/lib/thumb/v7e-m+fp/hard/libc_nano.a(libc_a-sprintf.o)
                0x080031ec                sprintf
                0x080031ec                siprintf
 .text.memset   0x0800322c       0x10 /opt/st/stm32cubeide_1.16.0/plugins/com.st.stm32cube.ide.mcu.externaltools.gnu-tools-for-stm32.12.3.rel1.linux64_1.0.200.202406132123/tools/bin/../lib/gcc/arm-none-eabi/12.3.1/../../../../arm-none-eabi/lib/thumb/v7e-m+fp/hard/libc_nano.a(libc_a-memset.o)
                0x0800322c                memset
 .text.__errno  0x0800323c        0xc /opt/st/stm32cubeide_1.16.0/plugins/com.st.stm32cube.ide.mcu.externaltools.gnu-tools-for-stm32.12.3.rel1.linux64_1.0.200.202406132123/tools/bin/../lib/gcc/arm-none-eabi/12.3.1/../../../../arm-none-eabi/lib/thumb/v7e-m+fp/hard/libc_nano.a(libc_a-errno.o)
                0x0800323c                __errno
 .text.__libc_init_array
                0x08003248       0x48 /opt/st/stm32cubeide_1.16.0/plugins/com.st.stm32cube.ide.mcu.externaltools.gnu-tools-for-stm32.12.3.rel1.linux64_1.0.200.202406132123/tools/bin/../lib/gcc/arm-none-eabi/12.3.1/../../../../arm-none-eabi/lib/thumb/v7e-m+fp/hard/libc_nano.a(libc_a-init.o)
                0x08003248                __libc_init_array
 .text.__retarget_lock_acquire_recursive
                0x08003290        0x2 /opt/st/stm32cubeide_1.16.0/plugins/com.st.stm32cube.ide.mcu.externaltools.gnu-tools-for-stm32.12.3.rel1.linux64_1.0.200.202406132123/tools/bin/../lib/gcc/arm-none-eabi/12.3.1/../../../../arm-none-eabi/lib/thumb/v7e-m+fp/hard/libc_nano.a(libc_a-lock.o)
                0x08003290                __retarget_lock_acquire_recursive
 .text.__retarget_lock_release_recursive
                0x08003292        0x2 /opt/st/stm32cubeide_1.16.0/plugins/com.st.stm32cube.ide.mcu.externaltools.gnu-tools-for-stm32.12.3.rel1.linux64_1.0.200.202406132123/tools/bin/../lib/gcc/arm-none-eabi/12.3.1/../../../../arm-none-eabi/lib/thumb/v7e-m+fp/hard/libc_nano.a(libc_a-lock.o)
                0x08003292                __retarget_lock_release_recursive
 .text._free_r  0x08003294       0x94 /opt/st/stm32cubeide_1.16.0/plugins/com.st.stm32cube.ide.mcu.externaltools.gnu-tools-for-stm32.12.3.rel1.linux64_1.0.200.202406132123/tools/bin/../lib/gcc/arm-none-eabi/12.3.1/../../../../arm-none-eabi/lib/thumb/v7e-m+fp/hard/libc_nano.a(libc_a-freer.o)
                0x08003294                _free_r
 .text.sbrk_aligned
                0x08003328       0x44 /opt/st/stm32cubeide_1.16.0/plugins/com.st.stm32cube.ide.mcu.externaltools.gnu-tools-for-stm32.12.3.rel1.linux64_1.0.200.202406132123/tools/bin/../lib/gcc/arm-none-eabi/12.3.1/../../../../arm-none-eabi/lib/thumb/v7e-m+fp/hard/libc_nano.a(libc_a-mallocr.o)
 .text._malloc_r
                0x0800336c      0x100 /opt/st/stm32cubeide_1.16.0/plugins/com.st.stm32cube.ide.mcu.externaltools.gnu-tools-for-stm32.12.3.rel1.linux64_1.0.200.202406132123/tools/bin/../lib/gcc/arm-none-eabi/12.3.1/../../../../arm-none-eabi/lib/thumb/v7e-m+fp/hard/libc_nano.a(libc_a-mallocr.o)
                0x0800336c                _malloc_r
 .text.__malloc_lock
                0x0800346c        0xc /opt/st/stm32cubeide_1.16.0/plugins/com.st.stm32cube.ide.mcu.externaltools.gnu-tools-for-stm32.12.3.rel1.linux64_1.0.200.202406132123/tools/bin/../lib/gcc/arm-none-eabi/12.3.1/../../../../arm-none-eabi/lib/thumb/v7e-m+fp/hard/libc_nano.a(libc_a-mlock.o)
                0x0800346c                __malloc_lock
 .text.__malloc_unlock
                0x08003478        0xc /opt/st/stm32cubeide_1.16.0/plugins/com.st.stm32cube.ide.mcu.externaltools.gnu-tools-for-stm32.12.3.rel1.linux64_1.0.200.202406132123/tools/bin/../lib/gcc/arm-none-eabi/12.3.1/../../../../arm-none-eabi/lib/thumb/v7e-m+fp/hard/libc_nano.a(libc_a-mlock.o)
                0x08003478                __malloc_unlock
 .text.__ssputs_r
                0x08003484       0xb6 /opt/st/stm32cubeide_1.16.0/plugins/com.st.stm32cube.ide.mcu.externaltools.gnu-tools-for-stm32.12.3.rel1.linux64_1.0.200.202406132123/tools/bin/../lib/gcc/arm-none-eabi/12.3.1/../../../../arm-none-eabi/lib/thumb/v7e-m+fp/hard/libc_nano.a(libc_a-nano-svfprintf.o)
                0x08003484                __ssputs_r
 *fill*         0x0800353a        0x2 
 .text._svfprintf_r
                0x0800353c      0x1f8 /opt/st/stm32cubeide_1.16.0/plugins/com.st.stm32cube.ide.mcu.externaltools.gnu-tools-for-stm32.12.3.rel1.linux64_1.0.200.202406132123/tools/bin/../lib/gcc/arm-none-eabi/12.3.1/../../../../arm-none-eabi/lib/thumb/v7e-m+fp/hard/libc_nano.a(libc_a-nano-svfprintf.o)
                0x0800353c                _svfprintf_r
                0x0800353c                _svfiprintf_r
 .text._printf_common
                0x08003734       0xda /opt/st/stm32cubeide_1.16.0/plugins/com.st.stm32cube.ide.mcu.externaltools.gnu-tools-for-stm32.12.3.rel1.linux64_1.0.200.202406132123/tools/bin/../lib/gcc/arm-none-eabi/12.3.1/../../../../arm-none-eabi/lib/thumb/v7e-m+fp/hard/libc_nano.a(libc_a-nano-vfprintf_i.o)
                0x08003734                _printf_common
 *fill*         0x0800380e        0x2 
 .text._printf_i
                0x08003810      0x240 /opt/st/stm32cubeide_1.16.0/plugins/com.st.stm32cube.ide.mcu.externaltools.gnu-tools-for-stm32.12.3.rel1.linux64_1.0.200.202406132123/tools/bin/../lib/gcc/arm-none-eabi/12.3.1/../../../../arm-none-eabi/lib/thumb/v7e-m+fp/hard/libc_nano.a(libc_a-nano-vfprintf_i.o)
                0x08003810                _printf_i
 .text.memmove  0x08003a50       0x34 /opt/st/stm32cubeide_1.16.0/plugins/com.st.stm32cube.ide.mcu.externaltools.gnu-tools-for-stm32.12.3.rel1.linux64_1.0.200.202406132123/tools/bin/../lib/gcc/arm-none-eabi/12.3.1/../../../../arm-none-eabi/lib/thumb/v7e-m+fp/hard/libc_nano.a(libc_a-memmove.o)
                0x08003a50                memmove
 .text._sbrk_r  0x08003a84       0x20 /opt/st/stm32cubeide_1.16.0/plugins/com.st.stm32cube.ide.mcu.externaltools.gnu-tools-for-stm32.12.3.rel1.linux64_1.0.200.202406132123/tools/bin/../lib/gcc/arm-none-eabi/12.3.1/../../../../arm-none-eabi/lib/thumb/v7e-m+fp/hard/libc_nano.a(libc_a-sbrkr.o)
                0x08003a84                _sbrk_r
 .text.memcpy   0x08003aa4       0x1c /opt/st/stm32cubeide_1.16.0/plugins/com.st.stm32cube.ide.mcu.externaltools.gnu-tools-for-stm32.12.3.rel1.linux64_1.0.200.202406132123/tools/bin/../lib/gcc/arm-none-eabi/12.3.1/../../../../arm-none-eabi/lib/thumb/v7e-m+fp/hard/libc_nano.a(libc_a-memcpy-stub.o)
                0x08003aa4                memcpy
 .text._realloc_r
                0x08003ac0       0x5c /opt/st/stm32cubeide_1.16.0/plugins/com.st.stm32cube.ide.mcu.externaltools.gnu-tools-for-stm32.12.3.rel1.linux64_1.0.200.202406132123/tools/bin/../lib/gcc/arm-none-eabi/12.3.1/../../../../arm-none-eabi/lib/thumb/v7e-m+fp/hard/libc_nano.a(libc_a-reallocr.o)
                0x08003ac0                _realloc_r
 .text._malloc_usable_size_r
                0x08003b1c       0x10 /opt/st/stm32cubeide_1.16.0/plugins/com.st.stm32cube.ide.mcu.externaltools.gnu-tools-for-stm32.12.3.rel1.linux64_1.0.200.202406132123/tools/bin/../lib/gcc/arm-none-eabi/12.3.1/../../../../arm-none-eabi/lib/thumb/v7e-m+fp/hard/libc_nano.a(libc_a-msizer.o)
                0x08003b1c                _malloc_usable_size_r
 *(.glue_7)
 .glue_7        0x08003b2c        0x0 linker stubs
 *(.glue_7t)
 .glue_7t       0x08003b2c        0x0 linker stubs
 *(.eh_frame)
 .eh_frame      0x08003b2c        0x0 /opt/st/stm32cubeide_1.16.0/plugins/com.st.stm32cube.ide.mcu.externaltools.gnu-tools-for-stm32.12.3.rel1.linux64_1.0.200.202406132123/tools/bin/../lib/gcc/arm-none-eabi/12.3.1/thumb/v7e-m+fp/hard/crtbegin.o
 *(.init)
 .init          0x08003b2c        0x4 /opt/st/stm32cubeide_1.16.0/plugins/com.st.stm32cube.ide.mcu.externaltools.gnu-tools-for-stm32.12.3.rel1.linux64_1.0.200.202406132123/tools/bin/../lib/gcc/arm-none-eabi/12.3.1/thumb/v7e-m+fp/hard/crti.o
                0x08003b2c                _init
 .init          0x08003b30        0x8 /opt/st/stm32cubeide_1.16.0/plugins/com.st.stm32cube.ide.mcu.externaltools.gnu-tools-for-stm32.12.3.rel1.linux64_1.0.200.202406132123/tools/bin/../lib/gcc/arm-none-eabi/12.3.1/thumb/v7e-m+fp/hard/crtn.o
 *(.fini)
 .fini          0x08003b38        0x4 /opt/st/stm32cubeide_1.16.0/plugins/com.st.stm32cube.ide.mcu.externaltools.gnu-tools-for-stm32.12.3.rel1.linux64_1.0.200.202406132123/tools/bin/../lib/gcc/arm-none-eabi/12.3.1/thumb/v7e-m+fp/hard/crti.o
                0x08003b38                _fini
 .fini          0x08003b3c        0x8 /opt/st/stm32cubeide_1.16.0/plugins/com.st.stm32cube.ide.mcu.externaltools.gnu-tools-for-stm32.12.3.rel1.linux64_1.0.200.202406132123/tools/bin/../lib/gcc/arm-none-eabi/12.3.1/thumb/v7e-m+fp/hard/crtn.o
                0x08003b44                        . = ALIGN (0x4)
                0x08003b44                        _etext = .

.vfp11_veneer   0x08003b44        0x0
 .vfp11_veneer  0x08003b44        0x0 linker stubs

.v4_bx          0x08003b44        0x0
 .v4_bx         0x08003b44        0x0 linker stubs

.iplt           0x08003b44        0x0
 .iplt          0x08003b44        0x0 /opt/st/stm32cubeide_1.16.0/plugins/com.st.stm32cube.ide.mcu.externaltools.gnu-tools-for-stm32.12.3.rel1.linux64_1.0.200.202406132123/tools/bin/../lib/gcc/arm-none-eabi/12.3.1/thumb/v7e-m+fp/hard/crtbegin.o

.rodata         0x08003b44       0x5c
                0x08003b44                        . = ALIGN (0x4)
 *(.rodata)
 .rodata        0x08003b44       0x10 ./Core/Src/main.o
 *(.rodata*)
 .rodata.AHBPrescTable
                0x08003b54       0x10 ./Core/Src/system_stm32f4xx.o
                0x08003b54                AHBPrescTable
 .rodata.APBPrescTable
                0x08003b64        0x8 ./Core/Src/system_stm32f4xx.o
                0x08003b64                APBPrescTable
 .rodata._svfprintf_r.str1.1
                0x08003b6c       0x11 /opt/st/stm32cubeide_1.16.0/plugins/com.st.stm32cube.ide.mcu.externaltools.gnu-tools-for-stm32.12.3.rel1.linux64_1.0.200.202406132123/tools/bin/../lib/gcc/arm-none-eabi/12.3.1/../../../../arm-none-eabi/lib/thumb/v7e-m+fp/hard/libc_nano.a(libc_a-nano-svfprintf.o)
 .rodata._printf_i.str1.1
                0x08003b7d       0x22 /opt/st/stm32cubeide_1.16.0/plugins/com.st.stm32cube.ide.mcu.externaltools.gnu-tools-for-stm32.12.3.rel1.linux64_1.0.200.202406132123/tools/bin/../lib/gcc/arm-none-eabi/12.3.1/../../../../arm-none-eabi/lib/thumb/v7e-m+fp/hard/libc_nano.a(libc_a-nano-vfprintf_i.o)
                0x08003ba0                        . = ALIGN (0x4)
 *fill*         0x08003b9f        0x1 

.ARM.extab      0x08003ba0        0x0
                0x08003ba0                        . = ALIGN (0x4)
 *(.ARM.extab* .gnu.linkonce.armextab.*)
                0x08003ba0                        . = ALIGN (0x4)

.ARM            0x08003ba0        0x8
                0x08003ba0                        . = ALIGN (0x4)
                0x08003ba0                        __exidx_start = .
 *(.ARM.exidx*)
 .ARM.exidx     0x08003ba0        0x8 /opt/st/stm32cubeide_1.16.0/plugins/com.st.stm32cube.ide.mcu.externaltools.gnu-tools-for-stm32.12.3.rel1.linux64_1.0.200.202406132123/tools/bin/../lib/gcc/arm-none-eabi/12.3.1/../../../../arm-none-eabi/lib/thumb/v7e-m+fp/hard/libc_nano.a(libc_a-memchr.o)
 .ARM.exidx     0x08003ba8        0x0 /opt/st/stm32cubeide_1.16.0/plugins/com.st.stm32cube.ide.mcu.externaltools.gnu-tools-for-stm32.12.3.rel1.linux64_1.0.200.202406132123/tools/bin/../lib/gcc/arm-none-eabi/12.3.1/thumb/v7e-m+fp/hard/libgcc.a(_udivmoddi4.o)
                                  0x8 (size before relaxing)
                0x08003ba8                        __exidx_end = .
                0x08003ba8                        . = ALIGN (0x4)

.preinit_array  0x08003ba8        0x0
                0x08003ba8                        . = ALIGN (0x4)
                0x08003ba8                        PROVIDE (__preinit_array_start = .)
 *(.preinit_array*)
                0x08003ba8                        PROVIDE (__preinit_array_end = .)
                0x08003ba8                        . = ALIGN (0x4)

.init_array     0x08003ba8        0x4
                0x08003ba8                        . = ALIGN (0x4)
                0x08003ba8                        PROVIDE (__init_array_start = .)
 *(SORT_BY_NAME(.init_array.*))
 *(.init_array*)
 .init_array    0x08003ba8        0x4 /opt/st/stm32cubeide_1.16.0/plugins/com.st.stm32cube.ide.mcu.externaltools.gnu-tools-for-stm32.12.3.rel1.linux64_1.0.200.202406132123/tools/bin/../lib/gcc/arm-none-eabi/12.3.1/thumb/v7e-m+fp/hard/crtbegin.o
                0x08003bac                        PROVIDE (__init_array_end = .)
                0x08003bac                        . = ALIGN (0x4)

.fini_array     0x08003bac        0x4
                0x08003bac                        . = ALIGN (0x4)
                [!provide]                        PROVIDE (__fini_array_start = .)
 *(SORT_BY_NAME(.fini_array.*))
 *(.fini_array*)
 .fini_array    0x08003bac        0x4 /opt/st/stm32cubeide_1.16.0/plugins/com.st.stm32cube.ide.mcu.externaltools.gnu-tools-for-stm32.12.3.rel1.linux64_1.0.200.202406132123/tools/bin/../lib/gcc/arm-none-eabi/12.3.1/thumb/v7e-m+fp/hard/crtbegin.o
                [!provide]                        PROVIDE (__fini_array_end = .)
                0x08003bb0                        . = ALIGN (0x4)
                0x08003bb0                        _sidata = LOADADDR (.data)

.rel.dyn        0x08003bb0        0x0
 .rel.iplt      0x08003bb0        0x0 /opt/st/stm32cubeide_1.16.0/plugins/com.st.stm32cube.ide.mcu.externaltools.gnu-tools-for-stm32.12.3.rel1.linux64_1.0.200.202406132123/tools/bin/../lib/gcc/arm-none-eabi/12.3.1/thumb/v7e-m+fp/hard/crtbegin.o

.data           0x20000000       0x5c load address 0x08003bb0
                0x20000000                        . = ALIGN (0x4)
                0x20000000                        _sdata = .
 *(.data)
 *(.data*)
 .data.SystemCoreClock
                0x20000000        0x4 ./Core/Src/system_stm32f4xx.o
                0x20000000                SystemCoreClock
 .data.uwTickPrio
                0x20000004        0x4 ./Drivers/STM32F4xx_HAL_Driver/Src/stm32f4xx_hal.o
                0x20000004                uwTickPrio
 .data.uwTickFreq
                0x20000008        0x1 ./Drivers/STM32F4xx_HAL_Driver/Src/stm32f4xx_hal.o
                0x20000008                uwTickFreq
 *fill*         0x20000009        0x3 
 .data._impure_ptr
                0x2000000c        0x4 /opt/st/stm32cubeide_1.16.0/plugins/com.st.stm32cube.ide.mcu.externaltools.gnu-tools-for-stm32.12.3.rel1.linux64_1.0.200.202406132123/tools/bin/../lib/gcc/arm-none-eabi/12.3.1/../../../../arm-none-eabi/lib/thumb/v7e-m+fp/hard/libc_nano.a(libc_a-impure.o)
                0x2000000c                _impure_ptr
 .data._impure_data
                0x20000010       0x4c /opt/st/stm32cubeide_1.16.0/plugins/com.st.stm32cube.ide.mcu.externaltools.gnu-tools-for-stm32.12.3.rel1.linux64_1.0.200.202406132123/tools/bin/../lib/gcc/arm-none-eabi/12.3.1/../../../../arm-none-eabi/lib/thumb/v7e-m+fp/hard/libc_nano.a(libc_a-impure.o)
                0x20000010                _impure_data
 *(.RamFunc)
 *(.RamFunc*)
                0x2000005c                        . = ALIGN (0x4)
                0x2000005c                        _edata = .
                0x08003c0c                        _siccmram = LOADADDR (.ccmram)

.igot.plt       0x2000005c        0x0 load address 0x08003c0c
 .igot.plt      0x2000005c        0x0 /opt/st/stm32cubeide_1.16.0/plugins/com.st.stm32cube.ide.mcu.externaltools.gnu-tools-for-stm32.12.3.rel1.linux64_1.0.200.202406132123/tools/bin/../lib/gcc/arm-none-eabi/12.3.1/thumb/v7e-m+fp/hard/crtbegin.o

.ccmram         0x10000000        0x0 load address 0x08003c0c
                0x10000000                        . = ALIGN (0x4)
                0x10000000                        _sccmram = .
 *(.ccmram)
 *(.ccmram*)
                0x10000000                        . = ALIGN (0x4)
                0x10000000                        _eccmram = .
                0x10000000                        . = ALIGN (0x4)

.bss            0x2000005c      0x220
                0x2000005c                        _sbss = .
                0x2000005c                        __bss_start__ = _sbss
 *(.bss)
 .bss           0x2000005c       0x1c /opt/st/stm32cubeide_1.16.0/plugins/com.st.stm32cube.ide.mcu.externaltools.gnu-tools-for-stm32.12.3.rel1.linux64_1.0.200.202406132123/tools/bin/../lib/gcc/arm-none-eabi/12.3.1/thumb/v7e-m+fp/hard/crtbegin.o
 *(.bss*)
 .bss.hcan1     0x20000078       0x28 ./Core/Src/main.o
                0x20000078                hcan1
 .bss.hi2c1     0x200000a0       0x54 ./Core/Src/main.o
                0x200000a0                hi2c1
 .bss.RxHeader  0x200000f4       0x1c ./Core/Src/main.o
                0x200000f4                RxHeader
 .bss.RxData    0x20000110        0x5 ./Core/Src/main.o
                0x20000110                RxData
 *fill*         0x20000115        0x3 
 .bss.str       0x20000118       0x14 ./Core/Src/main.o
                0x20000118                str
 .bss.__sbrk_heap_end
                0x2000012c        0x4 ./Core/Src/sysmem.o
 .bss.uwTick    0x20000130        0x4 ./Drivers/STM32F4xx_HAL_Driver/Src/stm32f4xx_hal.o
                0x20000130                uwTick
 .bss.__sf      0x20000134      0x138 /opt/st/stm32cubeide_1.16.0/plugins/com.st.stm32cube.ide.mcu.externaltools.gnu-tools-for-stm32.12.3.rel1.linux64_1.0.200.202406132123/tools/bin/../lib/gcc/arm-none-eabi/12.3.1/../../../../arm-none-eabi/lib/thumb/v7e-m+fp/hard/libc_nano.a(libc_a-findfp.o)
                0x20000134                __sf
 .bss.errno     0x2000026c        0x4 /opt/st/stm32cubeide_1.16.0/plugins/com.st.stm32cube.ide.mcu.externaltools.gnu-tools-for-stm32.12.3.rel1.linux64_1.0.200.202406132123/tools/bin/../lib/gcc/arm-none-eabi/12.3.1/../../../../arm-none-eabi/lib/thumb/v7e-m+fp/hard/libc_nano.a(libc_a-reent.o)
                0x2000026c                errno
 .bss.__lock___malloc_recursive_mutex
                0x20000270        0x1 /opt/st/stm32cubeide_1.16.0/plugins/com.st.stm32cube.ide.mcu.externaltools.gnu-tools-for-stm32.12.3.rel1.linux64_1.0.200.202406132123/tools/bin/../lib/gcc/arm-none-eabi/12.3.1/../../../../arm-none-eabi/lib/thumb/v7e-m+fp/hard/libc_nano.a(libc_a-lock.o)
                0x20000270                __lock___malloc_recursive_mutex
 *fill*         0x20000271        0x3 
 .bss.__malloc_sbrk_start
                0x20000274        0x4 /opt/st/stm32cubeide_1.16.0/plugins/com.st.stm32cube.ide.mcu.externaltools.gnu-tools-for-stm32.12.3.rel1.linux64_1.0.200.202406132123/tools/bin/../lib/gcc/arm-none-eabi/12.3.1/../../../../arm-none-eabi/lib/thumb/v7e-m+fp/hard/libc_nano.a(libc_a-mallocr.o)
                0x20000274                __malloc_sbrk_start
 .bss.__malloc_free_list
                0x20000278        0x4 /opt/st/stm32cubeide_1.16.0/plugins/com.st.stm32cube.ide.mcu.externaltools.gnu-tools-for-stm32.12.3.rel1.linux64_1.0.200.202406132123/tools/bin/../lib/gcc/arm-none-eabi/12.3.1/../../../../arm-none-eabi/lib/thumb/v7e-m+fp/hard/libc_nano.a(libc_a-mallocr.o)
                0x20000278                __malloc_free_list
 *(COMMON)
                0x2000027c                        . = ALIGN (0x4)
                0x2000027c                        _ebss = .
                0x2000027c                        __bss_end__ = _ebss

._user_heap_stack
                0x2000027c      0x604
                0x20000280                        . = ALIGN (0x8)
 *fill*         0x2000027c        0x4 
                [!provide]                        PROVIDE (end = .)
                0x20000280                        PROVIDE (_end = .)
                0x20000480                        . = (. + _Min_Heap_Size)
 *fill*         0x20000280      0x200 
                0x20000880                        . = (. + _Min_Stack_Size)
 *fill*         0x20000480      0x400 
                0x20000880                        . = ALIGN (0x8)

/DISCARD/
 libc.a(*)
 libm.a(*)
 libgcc.a(*)

.ARM.attributes
                0x00000000       0x30
 *(.ARM.attributes)
 .ARM.attributes
                0x00000000       0x22 /opt/st/stm32cubeide_1.16.0/plugins/com.st.stm32cube.ide.mcu.externaltools.gnu-tools-for-stm32.12.3.rel1.linux64_1.0.200.202406132123/tools/bin/../lib/gcc/arm-none-eabi/12.3.1/thumb/v7e-m+fp/hard/crti.o
 .ARM.attributes
                0x00000022       0x34 /opt/st/stm32cubeide_1.16.0/plugins/com.st.stm32cube.ide.mcu.externaltools.gnu-tools-for-stm32.12.3.rel1.linux64_1.0.200.202406132123/tools/bin/../lib/gcc/arm-none-eabi/12.3.1/thumb/v7e-m+fp/hard/crtbegin.o
 .ARM.attributes
                0x00000056       0x34 ./Core/Src/i2c-lcd.o
 .ARM.attributes
                0x0000008a       0x34 ./Core/Src/main.o
 .ARM.attributes
                0x000000be       0x34 ./Core/Src/newMotor.o
 .ARM.attributes
                0x000000f2       0x34 ./Core/Src/stm32f4xx_hal_msp.o
 .ARM.attributes
                0x00000126       0x34 ./Core/Src/stm32f4xx_it.o
 .ARM.attributes
                0x0000015a       0x34 ./Core/Src/sysmem.o
 .ARM.attributes
                0x0000018e       0x34 ./Core/Src/system_stm32f4xx.o
 .ARM.attributes
                0x000001c2       0x21 ./Core/Startup/startup_stm32f407vgtx.o
 .ARM.attributes
                0x000001e3       0x34 ./Drivers/STM32F4xx_HAL_Driver/Src/stm32f4xx_hal.o
 .ARM.attributes
                0x00000217       0x34 ./Drivers/STM32F4xx_HAL_Driver/Src/stm32f4xx_hal_can.o
 .ARM.attributes
                0x0000024b       0x34 ./Drivers/STM32F4xx_HAL_Driver/Src/stm32f4xx_hal_cortex.o
 .ARM.attributes
                0x0000027f       0x34 ./Drivers/STM32F4xx_HAL_Driver/Src/stm32f4xx_hal_gpio.o
 .ARM.attributes
                0x000002b3       0x34 ./Drivers/STM32F4xx_HAL_Driver/Src/stm32f4xx_hal_i2c.o
 .ARM.attributes
                0x000002e7       0x34 ./Drivers/STM32F4xx_HAL_Driver/Src/stm32f4xx_hal_rcc.o
 .ARM.attributes
                0x0000031b       0x34 /opt/st/stm32cubeide_1.16.0/plugins/com.st.stm32cube.ide.mcu.externaltools.gnu-tools-for-stm32.12.3.rel1.linux64_1.0.200.202406132123/tools/bin/../lib/gcc/arm-none-eabi/12.3.1/../../../../arm-none-eabi/lib/thumb/v7e-m+fp/hard/libc_nano.a(libc_a-findfp.o)
 .ARM.attributes
                0x0000034f       0x34 /opt/st/stm32cubeide_1.16.0/plugins/com.st.stm32cube.ide.mcu.externaltools.gnu-tools-for-stm32.12.3.rel1.linux64_1.0.200.202406132123/tools/bin/../lib/gcc/arm-none-eabi/12.3.1/../../../../arm-none-eabi/lib/thumb/v7e-m+fp/hard/libc_nano.a(libc_a-sprintf.o)
 .ARM.attributes
                0x00000383       0x34 /opt/st/stm32cubeide_1.16.0/plugins/com.st.stm32cube.ide.mcu.externaltools.gnu-tools-for-stm32.12.3.rel1.linux64_1.0.200.202406132123/tools/bin/../lib/gcc/arm-none-eabi/12.3.1/../../../../arm-none-eabi/lib/thumb/v7e-m+fp/hard/libc_nano.a(libc_a-memset.o)
 .ARM.attributes
                0x000003b7       0x34 /opt/st/stm32cubeide_1.16.0/plugins/com.st.stm32cube.ide.mcu.externaltools.gnu-tools-for-stm32.12.3.rel1.linux64_1.0.200.202406132123/tools/bin/../lib/gcc/arm-none-eabi/12.3.1/../../../../arm-none-eabi/lib/thumb/v7e-m+fp/hard/libc_nano.a(libc_a-reent.o)
 .ARM.attributes
                0x000003eb       0x34 /opt/st/stm32cubeide_1.16.0/plugins/com.st.stm32cube.ide.mcu.externaltools.gnu-tools-for-stm32.12.3.rel1.linux64_1.0.200.202406132123/tools/bin/../lib/gcc/arm-none-eabi/12.3.1/../../../../arm-none-eabi/lib/thumb/v7e-m+fp/hard/libc_nano.a(libc_a-impure.o)
 .ARM.attributes
                0x0000041f       0x34 /opt/st/stm32cubeide_1.16.0/plugins/com.st.stm32cube.ide.mcu.externaltools.gnu-tools-for-stm32.12.3.rel1.linux64_1.0.200.202406132123/tools/bin/../lib/gcc/arm-none-eabi/12.3.1/../../../../arm-none-eabi/lib/thumb/v7e-m+fp/hard/libc_nano.a(libc_a-errno.o)
 .ARM.attributes
                0x00000453       0x34 /opt/st/stm32cubeide_1.16.0/plugins/com.st.stm32cube.ide.mcu.externaltools.gnu-tools-for-stm32.12.3.rel1.linux64_1.0.200.202406132123/tools/bin/../lib/gcc/arm-none-eabi/12.3.1/../../../../arm-none-eabi/lib/thumb/v7e-m+fp/hard/libc_nano.a(libc_a-init.o)
 .ARM.attributes
                0x00000487       0x34 /opt/st/stm32cubeide_1.16.0/plugins/com.st.stm32cube.ide.mcu.externaltools.gnu-tools-for-stm32.12.3.rel1.linux64_1.0.200.202406132123/tools/bin/../lib/gcc/arm-none-eabi/12.3.1/../../../../arm-none-eabi/lib/thumb/v7e-m+fp/hard/libc_nano.a(libc_a-lock.o)
 .ARM.attributes
                0x000004bb       0x34 /opt/st/stm32cubeide_1.16.0/plugins/com.st.stm32cube.ide.mcu.externaltools.gnu-tools-for-stm32.12.3.rel1.linux64_1.0.200.202406132123/tools/bin/../lib/gcc/arm-none-eabi/12.3.1/../../../../arm-none-eabi/lib/thumb/v7e-m+fp/hard/libc_nano.a(libc_a-freer.o)
 .ARM.attributes
                0x000004ef       0x34 /opt/st/stm32cubeide_1.16.0/plugins/com.st.stm32cube.ide.mcu.externaltools.gnu-tools-for-stm32.12.3.rel1.linux64_1.0.200.202406132123/tools/bin/../lib/gcc/arm-none-eabi/12.3.1/../../../../arm-none-eabi/lib/thumb/v7e-m+fp/hard/libc_nano.a(libc_a-mallocr.o)
 .ARM.attributes
                0x00000523       0x34 /opt/st/stm32cubeide_1.16.0/plugins/com.st.stm32cube.ide.mcu.externaltools.gnu-tools-for-stm32.12.3.rel1.linux64_1.0.200.202406132123/tools/bin/../lib/gcc/arm-none-eabi/12.3.1/../../../../arm-none-eabi/lib/thumb/v7e-m+fp/hard/libc_nano.a(libc_a-mlock.o)
 .ARM.attributes
                0x00000557       0x34 /opt/st/stm32cubeide_1.16.0/plugins/com.st.stm32cube.ide.mcu.externaltools.gnu-tools-for-stm32.12.3.rel1.linux64_1.0.200.202406132123/tools/bin/../lib/gcc/arm-none-eabi/12.3.1/../../../../arm-none-eabi/lib/thumb/v7e-m+fp/hard/libc_nano.a(libc_a-nano-svfprintf.o)
 .ARM.attributes
                0x0000058b       0x34 /opt/st/stm32cubeide_1.16.0/plugins/com.st.stm32cube.ide.mcu.externaltools.gnu-tools-for-stm32.12.3.rel1.linux64_1.0.200.202406132123/tools/bin/../lib/gcc/arm-none-eabi/12.3.1/../../../../arm-none-eabi/lib/thumb/v7e-m+fp/hard/libc_nano.a(libc_a-nano-vfprintf_i.o)
 .ARM.attributes
                0x000005bf       0x34 /opt/st/stm32cubeide_1.16.0/plugins/com.st.stm32cube.ide.mcu.externaltools.gnu-tools-for-stm32.12.3.rel1.linux64_1.0.200.202406132123/tools/bin/../lib/gcc/arm-none-eabi/12.3.1/../../../../arm-none-eabi/lib/thumb/v7e-m+fp/hard/libc_nano.a(libc_a-memmove.o)
 .ARM.attributes
                0x000005f3       0x34 /opt/st/stm32cubeide_1.16.0/plugins/com.st.stm32cube.ide.mcu.externaltools.gnu-tools-for-stm32.12.3.rel1.linux64_1.0.200.202406132123/tools/bin/../lib/gcc/arm-none-eabi/12.3.1/../../../../arm-none-eabi/lib/thumb/v7e-m+fp/hard/libc_nano.a(libc_a-sbrkr.o)
 .ARM.attributes
                0x00000627       0x1c /opt/st/stm32cubeide_1.16.0/plugins/com.st.stm32cube.ide.mcu.externaltools.gnu-tools-for-stm32.12.3.rel1.linux64_1.0.200.202406132123/tools/bin/../lib/gcc/arm-none-eabi/12.3.1/../../../../arm-none-eabi/lib/thumb/v7e-m+fp/hard/libc_nano.a(libc_a-memchr.o)
 .ARM.attributes
                0x00000643       0x34 /opt/st/stm32cubeide_1.16.0/plugins/com.st.stm32cube.ide.mcu.externaltools.gnu-tools-for-stm32.12.3.rel1.linux64_1.0.200.202406132123/tools/bin/../lib/gcc/arm-none-eabi/12.3.1/../../../../arm-none-eabi/lib/thumb/v7e-m+fp/hard/libc_nano.a(libc_a-memcpy-stub.o)
 .ARM.attributes
                0x00000677       0x34 /opt/st/stm32cubeide_1.16.0/plugins/com.st.stm32cube.ide.mcu.externaltools.gnu-tools-for-stm32.12.3.rel1.linux64_1.0.200.202406132123/tools/bin/../lib/gcc/arm-none-eabi/12.3.1/../../../../arm-none-eabi/lib/thumb/v7e-m+fp/hard/libc_nano.a(libc_a-reallocr.o)
 .ARM.attributes
                0x000006ab       0x34 /opt/st/stm32cubeide_1.16.0/plugins/com.st.stm32cube.ide.mcu.externaltools.gnu-tools-for-stm32.12.3.rel1.linux64_1.0.200.202406132123/tools/bin/../lib/gcc/arm-none-eabi/12.3.1/../../../../arm-none-eabi/lib/thumb/v7e-m+fp/hard/libc_nano.a(libc_a-msizer.o)
 .ARM.attributes
                0x000006df       0x22 /opt/st/stm32cubeide_1.16.0/plugins/com.st.stm32cube.ide.mcu.externaltools.gnu-tools-for-stm32.12.3.rel1.linux64_1.0.200.202406132123/tools/bin/../lib/gcc/arm-none-eabi/12.3.1/thumb/v7e-m+fp/hard/libgcc.a(_aeabi_uldivmod.o)
 .ARM.attributes
                0x00000701       0x34 /opt/st/stm32cubeide_1.16.0/plugins/com.st.stm32cube.ide.mcu.externaltools.gnu-tools-for-stm32.12.3.rel1.linux64_1.0.200.202406132123/tools/bin/../lib/gcc/arm-none-eabi/12.3.1/thumb/v7e-m+fp/hard/libgcc.a(_udivmoddi4.o)
 .ARM.attributes
                0x00000735       0x22 /opt/st/stm32cubeide_1.16.0/plugins/com.st.stm32cube.ide.mcu.externaltools.gnu-tools-for-stm32.12.3.rel1.linux64_1.0.200.202406132123/tools/bin/../lib/gcc/arm-none-eabi/12.3.1/thumb/v7e-m+fp/hard/libgcc.a(_dvmd_tls.o)
 .ARM.attributes
                0x00000757       0x22 /opt/st/stm32cubeide_1.16.0/plugins/com.st.stm32cube.ide.mcu.externaltools.gnu-tools-for-stm32.12.3.rel1.linux64_1.0.200.202406132123/tools/bin/../lib/gcc/arm-none-eabi/12.3.1/thumb/v7e-m+fp/hard/crtn.o
OUTPUT(RxPro.elf elf32-littlearm)
LOAD linker stubs
LOAD /opt/st/stm32cubeide_1.16.0/plugins/com.st.stm32cube.ide.mcu.externaltools.gnu-tools-for-stm32.12.3.rel1.linux64_1.0.200.202406132123/tools/bin/../lib/gcc/arm-none-eabi/12.3.1/../../../../arm-none-eabi/lib/thumb/v7e-m+fp/hard/libc.a
LOAD /opt/st/stm32cubeide_1.16.0/plugins/com.st.stm32cube.ide.mcu.externaltools.gnu-tools-for-stm32.12.3.rel1.linux64_1.0.200.202406132123/tools/bin/../lib/gcc/arm-none-eabi/12.3.1/../../../../arm-none-eabi/lib/thumb/v7e-m+fp/hard/libm.a
LOAD /opt/st/stm32cubeide_1.16.0/plugins/com.st.stm32cube.ide.mcu.externaltools.gnu-tools-for-stm32.12.3.rel1.linux64_1.0.200.202406132123/tools/bin/../lib/gcc/arm-none-eabi/12.3.1/thumb/v7e-m+fp/hard/libgcc.a

.debug_info     0x00000000     0x93d4
 .debug_info    0x00000000      0x74c ./Core/Src/i2c-lcd.o
 .debug_info    0x0000074c     0x1293 ./Core/Src/main.o
 .debug_info    0x000019df      0x479 ./Core/Src/newMotor.o
 .debug_info    0x00001e58     0x102a ./Core/Src/stm32f4xx_hal_msp.o
 .debug_info    0x00002e82      0x508 ./Core/Src/stm32f4xx_it.o
 .debug_info    0x0000338a      0x168 ./Core/Src/sysmem.o
 .debug_info    0x000034f2      0x512 ./Core/Src/system_stm32f4xx.o
 .debug_info    0x00003a04       0x30 ./Core/Startup/startup_stm32f407vgtx.o
 .debug_info    0x00003a34      0x944 ./Drivers/STM32F4xx_HAL_Driver/Src/stm32f4xx_hal.o
 .debug_info    0x00004378      0xf49 ./Drivers/STM32F4xx_HAL_Driver/Src/stm32f4xx_hal_can.o
 .debug_info    0x000052c1      0xd8c ./Drivers/STM32F4xx_HAL_Driver/Src/stm32f4xx_hal_cortex.o
 .debug_info    0x0000604d      0x6c3 ./Drivers/STM32F4xx_HAL_Driver/Src/stm32f4xx_hal_gpio.o
 .debug_info    0x00006710     0x2415 ./Drivers/STM32F4xx_HAL_Driver/Src/stm32f4xx_hal_i2c.o
 .debug_info    0x00008b25      0x8af ./Drivers/STM32F4xx_HAL_Driver/Src/stm32f4xx_hal_rcc.o

.debug_abbrev   0x00000000     0x1a48
 .debug_abbrev  0x00000000      0x1eb ./Core/Src/i2c-lcd.o
 .debug_abbrev  0x000001eb      0x322 ./Core/Src/main.o
 .debug_abbrev  0x0000050d       0xfe ./Core/Src/newMotor.o
 .debug_abbrev  0x0000060b      0x1f4 ./Core/Src/stm32f4xx_hal_msp.o
 .debug_abbrev  0x000007ff      0x18e ./Core/Src/stm32f4xx_it.o
 .debug_abbrev  0x0000098d       0xbc ./Core/Src/sysmem.o
 .debug_abbrev  0x00000a49      0x11a ./Core/Src/system_stm32f4xx.o
 .debug_abbrev  0x00000b63       0x24 ./Core/Startup/startup_stm32f407vgtx.o
 .debug_abbrev  0x00000b87      0x214 ./Drivers/STM32F4xx_HAL_Driver/Src/stm32f4xx_hal.o
 .debug_abbrev  0x00000d9b      0x258 ./Drivers/STM32F4xx_HAL_Driver/Src/stm32f4xx_hal_can.o
 .debug_abbrev  0x00000ff3      0x31d ./Drivers/STM32F4xx_HAL_Driver/Src/stm32f4xx_hal_cortex.o
 .debug_abbrev  0x00001310      0x1d4 ./Drivers/STM32F4xx_HAL_Driver/Src/stm32f4xx_hal_gpio.o
 .debug_abbrev  0x000014e4      0x2ad ./Drivers/STM32F4xx_HAL_Driver/Src/stm32f4xx_hal_i2c.o
 .debug_abbrev  0x00001791      0x2b7 ./Drivers/STM32F4xx_HAL_Driver/Src/stm32f4xx_hal_rcc.o

.debug_aranges  0x00000000      0x8c8
 .debug_aranges
                0x00000000       0x40 ./Core/Src/i2c-lcd.o
 .debug_aranges
                0x00000040       0x50 ./Core/Src/main.o
 .debug_aranges
                0x00000090       0x40 ./Core/Src/newMotor.o
 .debug_aranges
                0x000000d0       0x40 ./Core/Src/stm32f4xx_hal_msp.o
 .debug_aranges
                0x00000110       0x68 ./Core/Src/stm32f4xx_it.o
 .debug_aranges
                0x00000178       0x20 ./Core/Src/sysmem.o
 .debug_aranges
                0x00000198       0x28 ./Core/Src/system_stm32f4xx.o
 .debug_aranges
                0x000001c0       0x28 ./Core/Startup/startup_stm32f407vgtx.o
 .debug_aranges
                0x000001e8       0xf0 ./Drivers/STM32F4xx_HAL_Driver/Src/stm32f4xx_hal.o
 .debug_aranges
                0x000002d8      0x138 ./Drivers/STM32F4xx_HAL_Driver/Src/stm32f4xx_hal_can.o
 .debug_aranges
                0x00000410      0x130 ./Drivers/STM32F4xx_HAL_Driver/Src/stm32f4xx_hal_cortex.o
 .debug_aranges
                0x00000540       0x58 ./Drivers/STM32F4xx_HAL_Driver/Src/stm32f4xx_hal_gpio.o
 .debug_aranges
                0x00000598      0x2a8 ./Drivers/STM32F4xx_HAL_Driver/Src/stm32f4xx_hal_i2c.o
 .debug_aranges
                0x00000840       0x88 ./Drivers/STM32F4xx_HAL_Driver/Src/stm32f4xx_hal_rcc.o

.debug_rnglists
                0x00000000      0x6ac
 .debug_rnglists
                0x00000000       0x2b ./Core/Src/i2c-lcd.o
 .debug_rnglists
                0x0000002b       0x3b ./Core/Src/main.o
 .debug_rnglists
                0x00000066       0x2c ./Core/Src/newMotor.o
 .debug_rnglists
                0x00000092       0x2d ./Core/Src/stm32f4xx_hal_msp.o
 .debug_rnglists
                0x000000bf       0x49 ./Core/Src/stm32f4xx_it.o
 .debug_rnglists
                0x00000108       0x13 ./Core/Src/sysmem.o
 .debug_rnglists
                0x0000011b       0x1a ./Core/Src/system_stm32f4xx.o
 .debug_rnglists
                0x00000135       0x19 ./Core/Startup/startup_stm32f407vgtx.o
 .debug_rnglists
                0x0000014e       0xaf ./Drivers/STM32F4xx_HAL_Driver/Src/stm32f4xx_hal.o
 .debug_rnglists
                0x000001fd       0xee ./Drivers/STM32F4xx_HAL_Driver/Src/stm32f4xx_hal_can.o
 .debug_rnglists
                0x000002eb       0xe0 ./Drivers/STM32F4xx_HAL_Driver/Src/stm32f4xx_hal_cortex.o
 .debug_rnglists
                0x000003cb       0x3f ./Drivers/STM32F4xx_HAL_Driver/Src/stm32f4xx_hal_gpio.o
 .debug_rnglists
                0x0000040a      0x23c ./Drivers/STM32F4xx_HAL_Driver/Src/stm32f4xx_hal_i2c.o
 .debug_rnglists
                0x00000646       0x66 ./Drivers/STM32F4xx_HAL_Driver/Src/stm32f4xx_hal_rcc.o

.debug_macro    0x00000000    0x20ab1
 .debug_macro   0x00000000      0x1de ./Core/Src/i2c-lcd.o
 .debug_macro   0x000001de      0xab4 ./Core/Src/i2c-lcd.o
 .debug_macro   0x00000c92      0x29b ./Core/Src/i2c-lcd.o
 .debug_macro   0x00000f2d       0x2e ./Core/Src/i2c-lcd.o
 .debug_macro   0x00000f5b       0x2f ./Core/Src/i2c-lcd.o
 .debug_macro   0x00000f8a       0x22 ./Core/Src/i2c-lcd.o
 .debug_macro   0x00000fac       0x8e ./Core/Src/i2c-lcd.o
 .debug_macro   0x0000103a       0x51 ./Core/Src/i2c-lcd.o
 .debug_macro   0x0000108b      0x103 ./Core/Src/i2c-lcd.o
 .debug_macro   0x0000118e       0x6a ./Core/Src/i2c-lcd.o
 .debug_macro   0x000011f8      0x1df ./Core/Src/i2c-lcd.o
 .debug_macro   0x000013d7       0x1c ./Core/Src/i2c-lcd.o
 .debug_macro   0x000013f3       0x22 ./Core/Src/i2c-lcd.o
 .debug_macro   0x00001415       0xfb ./Core/Src/i2c-lcd.o
 .debug_macro   0x00001510     0x1011 ./Core/Src/i2c-lcd.o
 .debug_macro   0x00002521      0x11f ./Core/Src/i2c-lcd.o
 .debug_macro   0x00002640    0x15e97 ./Core/Src/i2c-lcd.o
 .debug_macro   0x000184d7       0x6d ./Core/Src/i2c-lcd.o
 .debug_macro   0x00018544     0x369a ./Core/Src/i2c-lcd.o
 .debug_macro   0x0001bbde      0x189 ./Core/Src/i2c-lcd.o
 .debug_macro   0x0001bd67       0x5c ./Core/Src/i2c-lcd.o
 .debug_macro   0x0001bdc3      0x980 ./Core/Src/i2c-lcd.o
 .debug_macro   0x0001c743      0x9e9 ./Core/Src/i2c-lcd.o
 .debug_macro   0x0001d12c      0x115 ./Core/Src/i2c-lcd.o
 .debug_macro   0x0001d241      0x13e ./Core/Src/i2c-lcd.o
 .debug_macro   0x0001d37f       0xa5 ./Core/Src/i2c-lcd.o
 .debug_macro   0x0001d424      0x174 ./Core/Src/i2c-lcd.o
 .debug_macro   0x0001d598      0x287 ./Core/Src/i2c-lcd.o
 .debug_macro   0x0001d81f       0x5f ./Core/Src/i2c-lcd.o
 .debug_macro   0x0001d87e      0x236 ./Core/Src/i2c-lcd.o
 .debug_macro   0x0001dab4      0x40f ./Core/Src/i2c-lcd.o
 .debug_macro   0x0001dec3      0x12c ./Core/Src/i2c-lcd.o
 .debug_macro   0x0001dfef      0x21e ./Core/Src/i2c-lcd.o
 .debug_macro   0x0001e20d       0x2e ./Core/Src/i2c-lcd.o
 .debug_macro   0x0001e23b      0x1b5 ./Core/Src/i2c-lcd.o
 .debug_macro   0x0001e3f0       0xd6 ./Core/Src/i2c-lcd.o
 .debug_macro   0x0001e4c6      0x127 ./Core/Src/i2c-lcd.o
 .debug_macro   0x0001e5ed       0x7e ./Core/Src/i2c-lcd.o
 .debug_macro   0x0001e66b       0x89 ./Core/Src/i2c-lcd.o
 .debug_macro   0x0001e6f4      0x12d ./Core/Src/i2c-lcd.o
 .debug_macro   0x0001e821      0x2ba ./Core/Src/main.o
 .debug_macro   0x0001eadb       0x61 ./Core/Src/main.o
 .debug_macro   0x0001eb3c       0x2a ./Core/Src/main.o
 .debug_macro   0x0001eb66       0x43 ./Core/Src/main.o
 .debug_macro   0x0001eba9       0x34 ./Core/Src/main.o
 .debug_macro   0x0001ebdd       0x16 ./Core/Src/main.o
 .debug_macro   0x0001ebf3       0x35 ./Core/Src/main.o
 .debug_macro   0x0001ec28      0x369 ./Core/Src/main.o
 .debug_macro   0x0001ef91       0x10 ./Core/Src/main.o
 .debug_macro   0x0001efa1       0x16 ./Core/Src/main.o
 .debug_macro   0x0001efb7       0x43 ./Core/Src/main.o
 .debug_macro   0x0001effa       0x34 ./Core/Src/main.o
 .debug_macro   0x0001f02e       0x10 ./Core/Src/main.o
 .debug_macro   0x0001f03e       0x58 ./Core/Src/main.o
 .debug_macro   0x0001f096       0x8e ./Core/Src/main.o
 .debug_macro   0x0001f124       0x1c ./Core/Src/main.o
 .debug_macro   0x0001f140      0x177 ./Core/Src/main.o
 .debug_macro   0x0001f2b7       0x16 ./Core/Src/main.o
 .debug_macro   0x0001f2cd       0x16 ./Core/Src/main.o
 .debug_macro   0x0001f2e3      0x146 ./Core/Src/main.o
 .debug_macro   0x0001f429      0x1d4 ./Core/Src/newMotor.o
 .debug_macro   0x0001f5fd      0x1de ./Core/Src/stm32f4xx_hal_msp.o
 .debug_macro   0x0001f7db      0x1e8 ./Core/Src/stm32f4xx_it.o
 .debug_macro   0x0001f9c3       0xff ./Core/Src/sysmem.o
 .debug_macro   0x0001fac2      0x23c ./Core/Src/sysmem.o
 .debug_macro   0x0001fcfe      0x1d4 ./Core/Src/system_stm32f4xx.o
 .debug_macro   0x0001fed2      0x234 ./Drivers/STM32F4xx_HAL_Driver/Src/stm32f4xx_hal.o
 .debug_macro   0x00020106      0x1e3 ./Drivers/STM32F4xx_HAL_Driver/Src/stm32f4xx_hal_can.o
 .debug_macro   0x000202e9      0x1d4 ./Drivers/STM32F4xx_HAL_Driver/Src/stm32f4xx_hal_cortex.o
 .debug_macro   0x000204bd      0x1da ./Drivers/STM32F4xx_HAL_Driver/Src/stm32f4xx_hal_gpio.o
 .debug_macro   0x00020697      0x222 ./Drivers/STM32F4xx_HAL_Driver/Src/stm32f4xx_hal_i2c.o
 .debug_macro   0x000208b9      0x1f8 ./Drivers/STM32F4xx_HAL_Driver/Src/stm32f4xx_hal_rcc.o

.debug_line     0x00000000     0xad8d
 .debug_line    0x00000000      0x747 ./Core/Src/i2c-lcd.o
 .debug_line    0x00000747      0x972 ./Core/Src/main.o
 .debug_line    0x000010b9      0x7ee ./Core/Src/newMotor.o
 .debug_line    0x000018a7      0x732 ./Core/Src/stm32f4xx_hal_msp.o
 .debug_line    0x00001fd9      0x76d ./Core/Src/stm32f4xx_it.o
 .debug_line    0x00002746      0x4b8 ./Core/Src/sysmem.o
 .debug_line    0x00002bfe      0x717 ./Core/Src/system_stm32f4xx.o
 .debug_line    0x00003315       0x7a ./Core/Startup/startup_stm32f407vgtx.o
 .debug_line    0x0000338f      0x980 ./Drivers/STM32F4xx_HAL_Driver/Src/stm32f4xx_hal.o
 .debug_line    0x00003d0f     0x112f ./Drivers/STM32F4xx_HAL_Driver/Src/stm32f4xx_hal_can.o
 .debug_line    0x00004e3e      0xc72 ./Drivers/STM32F4xx_HAL_Driver/Src/stm32f4xx_hal_cortex.o
 .debug_line    0x00005ab0      0xb0c ./Drivers/STM32F4xx_HAL_Driver/Src/stm32f4xx_hal_gpio.o
 .debug_line    0x000065bc     0x3ac6 ./Drivers/STM32F4xx_HAL_Driver/Src/stm32f4xx_hal_i2c.o
 .debug_line    0x0000a082      0xd0b ./Drivers/STM32F4xx_HAL_Driver/Src/stm32f4xx_hal_rcc.o

.debug_str      0x00000000    0xc533e
 .debug_str     0x00000000    0xbec1a ./Core/Src/i2c-lcd.o
                              0xbeee7 (size before relaxing)
 .debug_str     0x000bec1a     0x3e01 ./Core/Src/main.o
                              0xc2cc5 (size before relaxing)
 .debug_str     0x000c2a1b       0x69 ./Core/Src/newMotor.o
                              0xbeb11 (size before relaxing)
 .debug_str     0x000c2a84      0x5b9 ./Core/Src/stm32f4xx_hal_msp.o
                              0xbf787 (size before relaxing)
 .debug_str     0x000c303d       0xf0 ./Core/Src/stm32f4xx_it.o
                              0xbec97 (size before relaxing)
 .debug_str     0x000c312d      0x4dc ./Core/Src/sysmem.o
                               0x60d0 (size before relaxing)
 .debug_str     0x000c3609       0xdb ./Core/Src/system_stm32f4xx.o
                              0xbeafa (size before relaxing)
 .debug_str     0x000c36e4       0x44 ./Core/Startup/startup_stm32f407vgtx.o
                                 0x83 (size before relaxing)
 .debug_str     0x000c3728      0x5f0 ./Drivers/STM32F4xx_HAL_Driver/Src/stm32f4xx_hal.o
                              0xbf67e (size before relaxing)
 .debug_str     0x000c3d18      0x43d ./Drivers/STM32F4xx_HAL_Driver/Src/stm32f4xx_hal_can.o
                              0xbf1f4 (size before relaxing)
 .debug_str     0x000c4155      0x36b ./Drivers/STM32F4xx_HAL_Driver/Src/stm32f4xx_hal_cortex.o
                              0xbf3fa (size before relaxing)
 .debug_str     0x000c44c0      0x121 ./Drivers/STM32F4xx_HAL_Driver/Src/stm32f4xx_hal_gpio.o
                              0xbec75 (size before relaxing)
 .debug_str     0x000c45e1      0xb4a ./Drivers/STM32F4xx_HAL_Driver/Src/stm32f4xx_hal_i2c.o
                              0xbfb18 (size before relaxing)
 .debug_str     0x000c512b      0x213 ./Drivers/STM32F4xx_HAL_Driver/Src/stm32f4xx_hal_rcc.o
                              0xbef2e (size before relaxing)

.comment        0x00000000       0x43
 .comment       0x00000000       0x43 ./Core/Src/i2c-lcd.o
                                 0x44 (size before relaxing)
 .comment       0x00000043       0x44 ./Core/Src/main.o
 .comment       0x00000043       0x44 ./Core/Src/newMotor.o
 .comment       0x00000043       0x44 ./Core/Src/stm32f4xx_hal_msp.o
 .comment       0x00000043       0x44 ./Core/Src/stm32f4xx_it.o
 .comment       0x00000043       0x44 ./Core/Src/sysmem.o
 .comment       0x00000043       0x44 ./Core/Src/system_stm32f4xx.o
 .comment       0x00000043       0x44 ./Drivers/STM32F4xx_HAL_Driver/Src/stm32f4xx_hal.o
 .comment       0x00000043       0x44 ./Drivers/STM32F4xx_HAL_Driver/Src/stm32f4xx_hal_can.o
 .comment       0x00000043       0x44 ./Drivers/STM32F4xx_HAL_Driver/Src/stm32f4xx_hal_cortex.o
 .comment       0x00000043       0x44 ./Drivers/STM32F4xx_HAL_Driver/Src/stm32f4xx_hal_gpio.o
 .comment       0x00000043       0x44 ./Drivers/STM32F4xx_HAL_Driver/Src/stm32f4xx_hal_i2c.o
 .comment       0x00000043       0x44 ./Drivers/STM32F4xx_HAL_Driver/Src/stm32f4xx_hal_rcc.o

.debug_frame    0x00000000     0x289c
 .debug_frame   0x00000000       0xbc ./Core/Src/i2c-lcd.o
 .debug_frame   0x000000bc       0xf0 ./Core/Src/main.o
 .debug_frame   0x000001ac       0xbc ./Core/Src/newMotor.o
 .debug_frame   0x00000268       0xc4 ./Core/Src/stm32f4xx_hal_msp.o
 .debug_frame   0x0000032c      0x120 ./Core/Src/stm32f4xx_it.o
 .debug_frame   0x0000044c       0x34 ./Core/Src/sysmem.o
 .debug_frame   0x00000480       0x58 ./Core/Src/system_stm32f4xx.o
 .debug_frame   0x000004d8      0x374 ./Drivers/STM32F4xx_HAL_Driver/Src/stm32f4xx_hal.o
 .debug_frame   0x0000084c      0x5a0 ./Drivers/STM32F4xx_HAL_Driver/Src/stm32f4xx_hal_can.o
 .debug_frame   0x00000dec      0x508 ./Drivers/STM32F4xx_HAL_Driver/Src/stm32f4xx_hal_cortex.o
 .debug_frame   0x000012f4      0x14c ./Drivers/STM32F4xx_HAL_Driver/Src/stm32f4xx_hal_gpio.o
 .debug_frame   0x00001440      0xc84 ./Drivers/STM32F4xx_HAL_Driver/Src/stm32f4xx_hal_i2c.o
 .debug_frame   0x000020c4      0x1f4 ./Drivers/STM32F4xx_HAL_Driver/Src/stm32f4xx_hal_rcc.o
 .debug_frame   0x000022b8      0x144 /opt/st/stm32cubeide_1.16.0/plugins/com.st.stm32cube.ide.mcu.externaltools.gnu-tools-for-stm32.12.3.rel1.linux64_1.0.200.202406132123/tools/bin/../lib/gcc/arm-none-eabi/12.3.1/../../../../arm-none-eabi/lib/thumb/v7e-m+fp/hard/libc_nano.a(libc_a-findfp.o)
 .debug_frame   0x000023fc       0x6c /opt/st/stm32cubeide_1.16.0/plugins/com.st.stm32cube.ide.mcu.externaltools.gnu-tools-for-stm32.12.3.rel1.linux64_1.0.200.202406132123/tools/bin/../lib/gcc/arm-none-eabi/12.3.1/../../../../arm-none-eabi/lib/thumb/v7e-m+fp/hard/libc_nano.a(libc_a-sprintf.o)
 .debug_frame   0x00002468       0x20 /opt/st/stm32cubeide_1.16.0/plugins/com.st.stm32cube.ide.mcu.externaltools.gnu-tools-for-stm32.12.3.rel1.linux64_1.0.200.202406132123/tools/bin/../lib/gcc/arm-none-eabi/12.3.1/../../../../arm-none-eabi/lib/thumb/v7e-m+fp/hard/libc_nano.a(libc_a-memset.o)
 .debug_frame   0x00002488       0x38 /opt/st/stm32cubeide_1.16.0/plugins/com.st.stm32cube.ide.mcu.externaltools.gnu-tools-for-stm32.12.3.rel1.linux64_1.0.200.202406132123/tools/bin/../lib/gcc/arm-none-eabi/12.3.1/../../../../arm-none-eabi/lib/thumb/v7e-m+fp/hard/libc_nano.a(libc_a-reent.o)
 .debug_frame   0x000024c0       0x20 /opt/st/stm32cubeide_1.16.0/plugins/com.st.stm32cube.ide.mcu.externaltools.gnu-tools-for-stm32.12.3.rel1.linux64_1.0.200.202406132123/tools/bin/../lib/gcc/arm-none-eabi/12.3.1/../../../../arm-none-eabi/lib/thumb/v7e-m+fp/hard/libc_nano.a(libc_a-errno.o)
 .debug_frame   0x000024e0       0x2c /opt/st/stm32cubeide_1.16.0/plugins/com.st.stm32cube.ide.mcu.externaltools.gnu-tools-for-stm32.12.3.rel1.linux64_1.0.200.202406132123/tools/bin/../lib/gcc/arm-none-eabi/12.3.1/../../../../arm-none-eabi/lib/thumb/v7e-m+fp/hard/libc_nano.a(libc_a-init.o)
 .debug_frame   0x0000250c       0xb0 /opt/st/stm32cubeide_1.16.0/plugins/com.st.stm32cube.ide.mcu.externaltools.gnu-tools-for-stm32.12.3.rel1.linux64_1.0.200.202406132123/tools/bin/../lib/gcc/arm-none-eabi/12.3.1/../../../../arm-none-eabi/lib/thumb/v7e-m+fp/hard/libc_nano.a(libc_a-lock.o)
 .debug_frame   0x000025bc       0x38 /opt/st/stm32cubeide_1.16.0/plugins/com.st.stm32cube.ide.mcu.externaltools.gnu-tools-for-stm32.12.3.rel1.linux64_1.0.200.202406132123/tools/bin/../lib/gcc/arm-none-eabi/12.3.1/../../../../arm-none-eabi/lib/thumb/v7e-m+fp/hard/libc_nano.a(libc_a-freer.o)
 .debug_frame   0x000025f4       0x50 /opt/st/stm32cubeide_1.16.0/plugins/com.st.stm32cube.ide.mcu.externaltools.gnu-tools-for-stm32.12.3.rel1.linux64_1.0.200.202406132123/tools/bin/../lib/gcc/arm-none-eabi/12.3.1/../../../../arm-none-eabi/lib/thumb/v7e-m+fp/hard/libc_nano.a(libc_a-mallocr.o)
 .debug_frame   0x00002644       0x30 /opt/st/stm32cubeide_1.16.0/plugins/com.st.stm32cube.ide.mcu.externaltools.gnu-tools-for-stm32.12.3.rel1.linux64_1.0.200.202406132123/tools/bin/../lib/gcc/arm-none-eabi/12.3.1/../../../../arm-none-eabi/lib/thumb/v7e-m+fp/hard/libc_nano.a(libc_a-mlock.o)
 .debug_frame   0x00002674       0x90 /opt/st/stm32cubeide_1.16.0/plugins/com.st.stm32cube.ide.mcu.externaltools.gnu-tools-for-stm32.12.3.rel1.linux64_1.0.200.202406132123/tools/bin/../lib/gcc/arm-none-eabi/12.3.1/../../../../arm-none-eabi/lib/thumb/v7e-m+fp/hard/libc_nano.a(libc_a-nano-svfprintf.o)
 .debug_frame   0x00002704       0x60 /opt/st/stm32cubeide_1.16.0/plugins/com.st.stm32cube.ide.mcu.externaltools.gnu-tools-for-stm32.12.3.rel1.linux64_1.0.200.202406132123/tools/bin/../lib/gcc/arm-none-eabi/12.3.1/../../../../arm-none-eabi/lib/thumb/v7e-m+fp/hard/libc_nano.a(libc_a-nano-vfprintf_i.o)
 .debug_frame   0x00002764       0x28 /opt/st/stm32cubeide_1.16.0/plugins/com.st.stm32cube.ide.mcu.externaltools.gnu-tools-for-stm32.12.3.rel1.linux64_1.0.200.202406132123/tools/bin/../lib/gcc/arm-none-eabi/12.3.1/../../../../arm-none-eabi/lib/thumb/v7e-m+fp/hard/libc_nano.a(libc_a-memmove.o)
 .debug_frame   0x0000278c       0x2c /opt/st/stm32cubeide_1.16.0/plugins/com.st.stm32cube.ide.mcu.externaltools.gnu-tools-for-stm32.12.3.rel1.linux64_1.0.200.202406132123/tools/bin/../lib/gcc/arm-none-eabi/12.3.1/../../../../arm-none-eabi/lib/thumb/v7e-m+fp/hard/libc_nano.a(libc_a-sbrkr.o)
 .debug_frame   0x000027b8       0x28 /opt/st/stm32cubeide_1.16.0/plugins/com.st.stm32cube.ide.mcu.externaltools.gnu-tools-for-stm32.12.3.rel1.linux64_1.0.200.202406132123/tools/bin/../lib/gcc/arm-none-eabi/12.3.1/../../../../arm-none-eabi/lib/thumb/v7e-m+fp/hard/libc_nano.a(libc_a-memcpy-stub.o)
 .debug_frame   0x000027e0       0x3c /opt/st/stm32cubeide_1.16.0/plugins/com.st.stm32cube.ide.mcu.externaltools.gnu-tools-for-stm32.12.3.rel1.linux64_1.0.200.202406132123/tools/bin/../lib/gcc/arm-none-eabi/12.3.1/../../../../arm-none-eabi/lib/thumb/v7e-m+fp/hard/libc_nano.a(libc_a-reallocr.o)
 .debug_frame   0x0000281c       0x20 /opt/st/stm32cubeide_1.16.0/plugins/com.st.stm32cube.ide.mcu.externaltools.gnu-tools-for-stm32.12.3.rel1.linux64_1.0.200.202406132123/tools/bin/../lib/gcc/arm-none-eabi/12.3.1/../../../../arm-none-eabi/lib/thumb/v7e-m+fp/hard/libc_nano.a(libc_a-msizer.o)
 .debug_frame   0x0000283c       0x2c /opt/st/stm32cubeide_1.16.0/plugins/com.st.stm32cube.ide.mcu.externaltools.gnu-tools-for-stm32.12.3.rel1.linux64_1.0.200.202406132123/tools/bin/../lib/gcc/arm-none-eabi/12.3.1/thumb/v7e-m+fp/hard/libgcc.a(_aeabi_uldivmod.o)
 .debug_frame   0x00002868       0x34 /opt/st/stm32cubeide_1.16.0/plugins/com.st.stm32cube.ide.mcu.externaltools.gnu-tools-for-stm32.12.3.rel1.linux64_1.0.200.202406132123/tools/bin/../lib/gcc/arm-none-eabi/12.3.1/thumb/v7e-m+fp/hard/libgcc.a(_udivmoddi4.o)

.debug_line_str
                0x00000000       0x67
 .debug_line_str
                0x00000000       0x67 ./Core/Startup/startup_stm32f407vgtx.o
